Archive member included to satisfy reference by file (symbol)

libopencm3/lib/libopencm3_stm32f1.a(gpio.o)
                              /tmp/ccoUD2Bt.o (gpio_set_mode)
libopencm3/lib/libopencm3_stm32f1.a(gpio_common_all.o)
                              /tmp/cchDJn7s.o (gpio_set)
libopencm3/lib/libopencm3_stm32f1.a(rcc.o)
                              /tmp/ccoUD2Bt.o (rcc_clock_setup_in_hse_8mhz_out_72mhz)
libopencm3/lib/libopencm3_stm32f1.a(rcc_common_all.o)
                              /tmp/ccoUD2Bt.o (rcc_periph_clock_enable)
libopencm3/lib/libopencm3_stm32f1.a(spi_common_all.o)
                              /tmp/cchDJn7s.o (spi_reset)
libopencm3/lib/libopencm3_stm32f1.a(spi_common_v1.o)
                              /tmp/cchDJn7s.o (spi_init_master)
libopencm3/lib/libopencm3_stm32f1.a(usb.o)
                              /tmp/ccoUD2Bt.o (usbd_init)
libopencm3/lib/libopencm3_stm32f1.a(usb_control.o)
                              /tmp/ccoUD2Bt.o (usbd_register_control_callback)
libopencm3/lib/libopencm3_stm32f1.a(usb_standard.o)
                              /tmp/ccoUD2Bt.o (usbd_register_set_config_callback)
libopencm3/lib/libopencm3_stm32f1.a(st_usbfs_v1.o)
                              /tmp/ccoUD2Bt.o (st_usbfs_v1_usb_driver)
libopencm3/lib/libopencm3_stm32f1.a(systick.o)
                              /tmp/cc5JdGzt.o (systick_set_reload)
libopencm3/lib/libopencm3_stm32f1.a(nvic.o)
                              /tmp/ccoUD2Bt.o (nvic_enable_irq)
libopencm3/lib/libopencm3_stm32f1.a(assert.o)
                              libopencm3/lib/libopencm3_stm32f1.a(rcc.o) (cm3_assert_failed)
libopencm3/lib/libopencm3_stm32f1.a(flash_common_all.o)
                              libopencm3/lib/libopencm3_stm32f1.a(rcc.o) (flash_set_ws)
libopencm3/lib/libopencm3_stm32f1.a(st_usbfs_core.o)
                              libopencm3/lib/libopencm3_stm32f1.a(st_usbfs_v1.o) (st_usbfs_set_address)
/home/rik/Toolchains/gcc-arm-none-eabi-10-2020-q4-major/bin/../lib/gcc/arm-none-eabi/10.2.1/../../../../arm-none-eabi/lib/thumb/v7-m/nofp/libg_nano.a(lib_a-memcpy-stub.o)
                              libopencm3/lib/libopencm3_stm32f1.a(usb_standard.o) (memcpy)
/home/rik/Toolchains/gcc-arm-none-eabi-10-2020-q4-major/bin/../lib/gcc/arm-none-eabi/10.2.1/../../../../arm-none-eabi/lib/thumb/v7-m/nofp/libg_nano.a(lib_a-strlen.o)
                              libopencm3/lib/libopencm3_stm32f1.a(usb_standard.o) (strlen)

Discarded input sections

 .text          0x0000000000000000        0x0 /tmp/ccoUD2Bt.o
 .data          0x0000000000000000        0x0 /tmp/ccoUD2Bt.o
 .bss           0x0000000000000000        0x0 /tmp/ccoUD2Bt.o
 .text          0x0000000000000000        0x0 /tmp/cchDJn7s.o
 .data          0x0000000000000000        0x0 /tmp/cchDJn7s.o
 .bss           0x0000000000000000        0x0 /tmp/cchDJn7s.o
 .text.st_draw_char
                0x0000000000000000       0xa0 /tmp/cchDJn7s.o
 .text.st_draw_bitmap
                0x0000000000000000      0x11c /tmp/cchDJn7s.o
 .text.st_fill_rect
                0x0000000000000000       0xb4 /tmp/cchDJn7s.o
 .text.st_fill_rect_fast
                0x0000000000000000       0x5a /tmp/cchDJn7s.o
 .text.st_draw_rectangle
                0x0000000000000000       0xf4 /tmp/cchDJn7s.o
 .text._st_plot_line_low
                0x0000000000000000      0x16c /tmp/cchDJn7s.o
 .text._st_plot_line_high
                0x0000000000000000      0x16c /tmp/cchDJn7s.o
 .text.st_draw_line
                0x0000000000000000       0xea /tmp/cchDJn7s.o
 .text._st_draw_fast_h_line
                0x0000000000000000       0x7e /tmp/cchDJn7s.o
 .text._st_draw_fast_v_line
                0x0000000000000000       0x7e /tmp/cchDJn7s.o
 .text.st_rotate_display
                0x0000000000000000      0x1ac /tmp/cchDJn7s.o
 .text          0x0000000000000000        0x0 /tmp/ccVCPY0r.o
 .data          0x0000000000000000        0x0 /tmp/ccVCPY0r.o
 .bss           0x0000000000000000        0x0 /tmp/ccVCPY0r.o
 .text          0x0000000000000000        0x0 /tmp/ccdtCchs.o
 .data          0x0000000000000000        0x0 /tmp/ccdtCchs.o
 .bss           0x0000000000000000        0x0 /tmp/ccdtCchs.o
 .text          0x0000000000000000        0x0 /tmp/cc5JdGzt.o
 .data          0x0000000000000000        0x0 /tmp/cc5JdGzt.o
 .bss           0x0000000000000000        0x0 /tmp/cc5JdGzt.o
 .text.millis   0x0000000000000000       0x14 /tmp/cc5JdGzt.o
 .group         0x0000000000000000        0xc libopencm3/lib/libopencm3_stm32f1.a(gpio.o)
 .group         0x0000000000000000        0xc libopencm3/lib/libopencm3_stm32f1.a(gpio.o)
 .group         0x0000000000000000        0xc libopencm3/lib/libopencm3_stm32f1.a(gpio.o)
 .group         0x0000000000000000        0xc libopencm3/lib/libopencm3_stm32f1.a(gpio.o)
 .group         0x0000000000000000        0xc libopencm3/lib/libopencm3_stm32f1.a(gpio.o)
 .group         0x0000000000000000        0xc libopencm3/lib/libopencm3_stm32f1.a(gpio.o)
[...]
Memory Configuration

Name             Origin             Length             Attributes
rom              0x0000000008000000 0x0000000000020000 xr
ram              0x0000000020000000 0x0000000000005000 xrw
*default*        0x0000000000000000 0xffffffffffffffff

Linker script and memory map

LOAD /tmp/ccoUD2Bt.o
LOAD /tmp/cchDJn7s.o
LOAD /tmp/ccVCPY0r.o
LOAD /tmp/ccdtCchs.o
LOAD /tmp/cc5JdGzt.o
LOAD libopencm3/lib/libopencm3_stm32f1.a
START GROUP
LOAD /home/rik/Toolchains/gcc-arm-none-eabi-10-2020-q4-major/bin/../lib/gcc/arm-none-eabi/10.2.1/thumb/v7-m/nofp/libgcc.a
LOAD /home/rik/Toolchains/gcc-arm-none-eabi-10-2020-q4-major/bin/../lib/gcc/arm-none-eabi/10.2.1/../../../../arm-none-eabi/lib/thumb/v7-m/nofp/libg_nano.a
LOAD /home/rik/Toolchains/gcc-arm-none-eabi-10-2020-q4-major/bin/../lib/gcc/arm-none-eabi/10.2.1/../../../../arm-none-eabi/lib/thumb/v7-m/nofp/libc_nano.a
END GROUP
START GROUP
LOAD /home/rik/Toolchains/gcc-arm-none-eabi-10-2020-q4-major/bin/../lib/gcc/arm-none-eabi/10.2.1/thumb/v7-m/nofp/libgcc.a
LOAD /home/rik/Toolchains/gcc-arm-none-eabi-10-2020-q4-major/bin/../lib/gcc/arm-none-eabi/10.2.1/../../../../arm-none-eabi/lib/thumb/v7-m/nofp/libc_nano.a
LOAD /home/rik/Toolchains/gcc-arm-none-eabi-10-2020-q4-major/bin/../lib/gcc/arm-none-eabi/10.2.1/../../../../arm-none-eabi/lib/thumb/v7-m/nofp/libnosys.a
END GROUP
START GROUP
LOAD /home/rik/Toolchains/gcc-arm-none-eabi-10-2020-q4-major/bin/../lib/gcc/arm-none-eabi/10.2.1/thumb/v7-m/nofp/libgcc.a
LOAD /home/rik/Toolchains/gcc-arm-none-eabi-10-2020-q4-major/bin/../lib/gcc/arm-none-eabi/10.2.1/../../../../arm-none-eabi/lib/thumb/v7-m/nofp/libc_nano.a
LOAD /home/rik/Toolchains/gcc-arm-none-eabi-10-2020-q4-major/bin/../lib/gcc/arm-none-eabi/10.2.1/../../../../arm-none-eabi/lib/thumb/v7-m/nofp/libnosys.a
END GROUP

.text           0x0000000008000000     0x3e8c
 *(.vectors)
 .vectors       0x0000000008000000      0x150 /tmp/ccVCPY0r.o
                0x0000000008000000                vector_table
 *(.text*)
 .text.clock_setup
                0x0000000008000150       0x1c /tmp/ccoUD2Bt.o
 .text.main     0x000000000800016c       0x70 /tmp/ccoUD2Bt.o
                0x000000000800016c                main
 .text.usb_init
                0x00000000080001dc       0x90 /tmp/ccoUD2Bt.o
                0x00000000080001dc                usb_init
 .text.usb_set_config
                0x000000000800026c       0x68 /tmp/ccoUD2Bt.o
 .text.prepare_to_receive_stream
                0x00000000080002d4       0x70 /tmp/ccoUD2Bt.o
 .text.usb_data_received
                0x0000000008000344       0x3c /tmp/ccoUD2Bt.o
 .text.usb_lp_can_rx0_isr
                0x0000000008000380       0x18 /tmp/ccoUD2Bt.o
                0x0000000008000380                usb_lp_can_rx0_isr
 .text.st_set_address_window
                0x0000000008000398      0x288 /tmp/cchDJn7s.o
                0x0000000008000398                st_set_address_window
 .text._st_render_glyph
                0x0000000008000620       0xee /tmp/cchDJn7s.o
                0x0000000008000620                _st_render_glyph
 *fill*         0x000000000800070e        0x2 
 .text._st_draw_string_main
                0x0000000008000710      0x170 /tmp/cchDJn7s.o
                0x0000000008000710                _st_draw_string_main
 .text.st_draw_string
                0x0000000008000880       0x38 /tmp/cchDJn7s.o
                0x0000000008000880                st_draw_string
 .text.st_draw_string_withbg
                0x00000000080008b8       0x38 /tmp/cchDJn7s.o
                0x00000000080008b8                st_draw_string_withbg
 .text.st_fill_color
                0x00000000080008f0      0x164 /tmp/cchDJn7s.o
                0x00000000080008f0                st_fill_color
 .text.st_fill_color_array
                0x0000000008000a54       0xc8 /tmp/cchDJn7s.o
                0x0000000008000a54                st_fill_color_array
 .text.st_fill_screen
                0x0000000008000b1c       0x4c /tmp/cchDJn7s.o
                0x0000000008000b1c                st_fill_screen
 .text.st_draw_pixel
                0x0000000008000b68       0x98 /tmp/cchDJn7s.o
                0x0000000008000b68                st_draw_pixel
 .text.st_init  0x0000000008000c00      0x354 /tmp/cchDJn7s.o
                0x0000000008000c00                st_init
 .text._st_fixed_delay
                0x0000000008000f54       0x2a /tmp/cchDJn7s.o
                0x0000000008000f54                _st_fixed_delay
 .text.pre_main
                0x0000000008000f7e        0xc /tmp/ccVCPY0r.o
 *fill*         0x0000000008000f8a        0x2 
 .text.reset_handler
                0x0000000008000f8c       0xd8 /tmp/ccVCPY0r.o
                0x0000000008000f8c                reset_handler
 .text.blocking_handler
                0x0000000008001064        0x6 /tmp/ccVCPY0r.o
                0x0000000008001064                usart3_isr
                0x0000000008001064                rtc_isr
                0x0000000008001064                tim7_isr
                0x0000000008001064                adc1_2_isr
                0x0000000008001064                tim1_trg_com_isr
                0x0000000008001064                usb_hp_can_tx_isr
                0x0000000008001064                tim6_isr
                0x0000000008001064                usb_wakeup_isr
                0x0000000008001064                blocking_handler
                0x0000000008001064                tim5_isr
                0x0000000008001064                otg_fs_isr
                0x0000000008001064                spi1_isr
                0x0000000008001064                dma1_channel6_isr
                0x0000000008001064                exti2_isr
                0x0000000008001064                can_rx1_isr
                0x0000000008001064                dma1_channel5_isr
                0x0000000008001064                dma2_channel5_isr
                0x0000000008001064                usart1_isr
                0x0000000008001064                usage_fault_handler
                0x0000000008001064                tim8_trg_com_isr
                0x0000000008001064                can2_rx0_isr
                0x0000000008001064                tim1_brk_isr
                0x0000000008001064                can2_rx1_isr
                0x0000000008001064                tim1_cc_isr
                0x0000000008001064                sdio_isr
                0x0000000008001064                eth_isr
                0x0000000008001064                dma1_channel4_isr
                0x0000000008001064                tim8_brk_isr
                0x0000000008001064                dma2_channel4_5_isr
                0x0000000008001064                pvd_isr
                0x0000000008001064                rcc_isr
                0x0000000008001064                flash_isr
                0x0000000008001064                uart4_isr
                0x0000000008001064                rtc_alarm_isr
                0x0000000008001064                exti15_10_isr
                0x0000000008001064                hard_fault_handler
                0x0000000008001064                exti1_isr
                0x0000000008001064                i2c1_ev_isr
                0x0000000008001064                dma2_channel1_isr
                0x0000000008001064                spi2_isr
                0x0000000008001064                tim8_up_isr
                0x0000000008001064                dma2_channel2_isr
                0x0000000008001064                adc3_isr
                0x0000000008001064                exti3_isr
                0x0000000008001064                tim3_isr
                0x0000000008001064                usart2_isr
                0x0000000008001064                i2c2_er_isr
                0x0000000008001064                i2c2_ev_isr
                0x0000000008001064                uart5_isr
                0x0000000008001064                fsmc_isr
                0x0000000008001064                dma1_channel1_isr
                0x0000000008001064                exti4_isr
                0x0000000008001064                mem_manage_handler
                0x0000000008001064                can2_tx_isr
                0x0000000008001064                exti9_5_isr
                0x0000000008001064                dma2_channel3_isr
                0x0000000008001064                dma1_channel7_isr
                0x0000000008001064                tim1_up_isr
                0x0000000008001064                can2_sce_isr
                0x0000000008001064                tim4_isr
                0x0000000008001064                dma1_channel2_isr
                0x0000000008001064                i2c1_er_isr
                0x0000000008001064                can_sce_isr
                0x0000000008001064                tim8_cc_isr
                0x0000000008001064                tamper_isr
                0x0000000008001064                eth_wkup_isr
                0x0000000008001064                bus_fault_handler
                0x0000000008001064                wwdg_isr
                0x0000000008001064                dma1_channel3_isr
                0x0000000008001064                spi3_isr
                0x0000000008001064                tim2_isr
                0x0000000008001064                exti0_isr
 .text.null_handler
                0x000000000800106a        0xc /tmp/ccVCPY0r.o
                0x000000000800106a                null_handler
                0x000000000800106a                sv_call_handler
                0x000000000800106a                pend_sv_handler
                0x000000000800106a                debug_monitor_handler
                0x000000000800106a                nmi_handler
 *fill*         0x0000000008001076        0x2 
 .text.usb_init_serial_num
                0x0000000008001078       0x58 /tmp/ccdtCchs.o
                0x0000000008001078                usb_init_serial_num
 .text.put_hex  0x00000000080010d0       0x48 /tmp/ccdtCchs.o
 .text.delay    0x0000000008001118       0x34 /tmp/cc5JdGzt.o
                0x0000000008001118                delay
 .text.systick_init
                0x000000000800114c       0x34 /tmp/cc5JdGzt.o
                0x000000000800114c                systick_init
 .text.sys_tick_handler
                0x0000000008001180       0x1c /tmp/cc5JdGzt.o
                0x0000000008001180                sys_tick_handler
 .text.gpio_set_mode
                0x000000000800119c       0x5e libopencm3/lib/libopencm3_stm32f1.a(gpio.o)
                0x000000000800119c                gpio_set_mode
 .text.gpio_set
                0x00000000080011fa        0x4 libopencm3/lib/libopencm3_stm32f1.a(gpio_common_all.o)
                0x00000000080011fa                gpio_set
 .text.gpio_clear
                0x00000000080011fe        0x6 libopencm3/lib/libopencm3_stm32f1.a(gpio_common_all.o)
                0x00000000080011fe                gpio_clear
 .text.rcc_osc_on.part.0
                0x0000000008001204       0x10 libopencm3/lib/libopencm3_stm32f1.a(rcc.o)
 .text.rcc_is_osc_ready
                0x0000000008001214       0x5c libopencm3/lib/libopencm3_stm32f1.a(rcc.o)
                0x0000000008001214                rcc_is_osc_ready
 .text.rcc_wait_for_osc_ready
                0x0000000008001270       0x10 libopencm3/lib/libopencm3_stm32f1.a(rcc.o)
                0x0000000008001270                rcc_wait_for_osc_ready
 .text.rcc_osc_on
                0x0000000008001280       0x54 libopencm3/lib/libopencm3_stm32f1.a(rcc.o)
                0x0000000008001280                rcc_osc_on
 .text.rcc_set_sysclk_source
                0x00000000080012d4       0x14 libopencm3/lib/libopencm3_stm32f1.a(rcc.o)
                0x00000000080012d4                rcc_set_sysclk_source
 .text.rcc_set_pll_multiplication_factor
                0x00000000080012e8       0x14 libopencm3/lib/libopencm3_stm32f1.a(rcc.o)
                0x00000000080012e8                rcc_set_pll_multiplication_factor
 .text.rcc_set_pll_source
                0x00000000080012fc       0x14 libopencm3/lib/libopencm3_stm32f1.a(rcc.o)
                0x00000000080012fc                rcc_set_pll_source
 .text.rcc_set_pllxtpre
                0x0000000008001310       0x14 libopencm3/lib/libopencm3_stm32f1.a(rcc.o)
                0x0000000008001310                rcc_set_pllxtpre
 .text.rcc_set_adcpre
                0x0000000008001324       0x14 libopencm3/lib/libopencm3_stm32f1.a(rcc.o)
                0x0000000008001324                rcc_set_adcpre
 .text.rcc_set_ppre2
                0x0000000008001338       0x14 libopencm3/lib/libopencm3_stm32f1.a(rcc.o)
                0x0000000008001338                rcc_set_ppre2
 .text.rcc_set_ppre1
                0x000000000800134c       0x14 libopencm3/lib/libopencm3_stm32f1.a(rcc.o)
                0x000000000800134c                rcc_set_ppre1
 .text.rcc_set_hpre
                0x0000000008001360       0x14 libopencm3/lib/libopencm3_stm32f1.a(rcc.o)
                0x0000000008001360                rcc_set_hpre
 .text.rcc_clock_setup_in_hse_8mhz_out_72mhz
                0x0000000008001374       0x8c libopencm3/lib/libopencm3_stm32f1.a(rcc.o)
                0x0000000008001374                rcc_clock_setup_in_hse_8mhz_out_72mhz
 .text.rcc_periph_clock_enable
                0x0000000008001400       0x1c libopencm3/lib/libopencm3_stm32f1.a(rcc_common_all.o)
                0x0000000008001400                rcc_periph_clock_enable
 .text.rcc_periph_reset_pulse
                0x000000000800141c       0x24 libopencm3/lib/libopencm3_stm32f1.a(rcc_common_all.o)
                0x000000000800141c                rcc_periph_reset_pulse
 .text.spi_reset
                0x0000000008001440       0x30 libopencm3/lib/libopencm3_stm32f1.a(spi_common_all.o)
                0x0000000008001440                spi_reset
 .text.spi_enable
                0x0000000008001470        0xa libopencm3/lib/libopencm3_stm32f1.a(spi_common_all.o)
                0x0000000008001470                spi_enable
 .text.spi_set_full_duplex_mode
                0x000000000800147a        0xa libopencm3/lib/libopencm3_stm32f1.a(spi_common_all.o)
                0x000000000800147a                spi_set_full_duplex_mode
 .text.spi_enable_software_slave_management
                0x0000000008001484       0x12 libopencm3/lib/libopencm3_stm32f1.a(spi_common_all.o)
                0x0000000008001484                spi_enable_software_slave_management
 .text.spi_set_nss_high
                0x0000000008001496        0xa libopencm3/lib/libopencm3_stm32f1.a(spi_common_all.o)
                0x0000000008001496                spi_set_nss_high
 .text.spi_init_master
                0x00000000080014a0       0x28 libopencm3/lib/libopencm3_stm32f1.a(spi_common_v1.o)
                0x00000000080014a0                spi_init_master
 .text.usbd_init
                0x00000000080014c8       0x50 libopencm3/lib/libopencm3_stm32f1.a(usb.o)
                0x00000000080014c8                usbd_init
 .text.usbd_poll
                0x0000000008001518        0x8 libopencm3/lib/libopencm3_stm32f1.a(usb.o)
                0x0000000008001518                usbd_poll
 .text.usbd_ep_setup
                0x0000000008001520        0xe libopencm3/lib/libopencm3_stm32f1.a(usb.o)
                0x0000000008001520                usbd_ep_setup
 .text._usbd_reset
                0x000000000800152e       0x32 libopencm3/lib/libopencm3_stm32f1.a(usb.o)
                0x000000000800152e                _usbd_reset
 .text.usbd_ep_write_packet
                0x0000000008001560        0xe libopencm3/lib/libopencm3_stm32f1.a(usb.o)
                0x0000000008001560                usbd_ep_write_packet
 .text.usbd_ep_read_packet
                0x000000000800156e        0xe libopencm3/lib/libopencm3_stm32f1.a(usb.o)
                0x000000000800156e                usbd_ep_read_packet
 .text.usbd_ep_stall_set
                0x000000000800157c        0x8 libopencm3/lib/libopencm3_stm32f1.a(usb.o)
                0x000000000800157c                usbd_ep_stall_set
 .text.usbd_ep_stall_get
                0x0000000008001584        0x8 libopencm3/lib/libopencm3_stm32f1.a(usb.o)
                0x0000000008001584                usbd_ep_stall_get
 .text.usbd_ep_nak_set
                0x000000000800158c        0x8 libopencm3/lib/libopencm3_stm32f1.a(usb.o)
                0x000000000800158c                usbd_ep_nak_set
 .text.usb_control_send_chunk
                0x0000000008001594       0x52 libopencm3/lib/libopencm3_stm32f1.a(usb_control.o)
 .text.usb_control_request_dispatch
                0x00000000080015e6       0x60 libopencm3/lib/libopencm3_stm32f1.a(usb_control.o)
 .text.stall_transaction
                0x0000000008001646       0x14 libopencm3/lib/libopencm3_stm32f1.a(usb_control.o)
 .text.usb_control_recv_chunk
                0x000000000800165a       0x3c libopencm3/lib/libopencm3_stm32f1.a(usb_control.o)
 .text.usb_control_setup_read
                0x0000000008001696       0x66 libopencm3/lib/libopencm3_stm32f1.a(usb_control.o)
 .text.usbd_register_control_callback
                0x00000000080016fc       0x2c libopencm3/lib/libopencm3_stm32f1.a(usb_control.o)
                0x00000000080016fc                usbd_register_control_callback
 .text._usbd_control_setup
                0x0000000008001728       0x60 libopencm3/lib/libopencm3_stm32f1.a(usb_control.o)
                0x0000000008001728                _usbd_control_setup
 .text._usbd_control_out
                0x0000000008001788       0x82 libopencm3/lib/libopencm3_stm32f1.a(usb_control.o)
                0x0000000008001788                _usbd_control_out
 .text._usbd_control_in
                0x000000000800180a       0x64 libopencm3/lib/libopencm3_stm32f1.a(usb_control.o)
                0x000000000800180a                _usbd_control_in
 .text.usb_standard_set_address
                0x000000000800186e       0x2a libopencm3/lib/libopencm3_stm32f1.a(usb_standard.o)
 .text.usb_standard_set_configuration
                0x0000000008001898       0x92 libopencm3/lib/libopencm3_stm32f1.a(usb_standard.o)
 .text.usb_standard_get_configuration
                0x000000000800192a       0x22 libopencm3/lib/libopencm3_stm32f1.a(usb_standard.o)
 .text.usb_standard_get_interface
                0x000000000800194c       0x34 libopencm3/lib/libopencm3_stm32f1.a(usb_standard.o)
 .text.usb_standard_device_get_status
                0x0000000008001980       0x18 libopencm3/lib/libopencm3_stm32f1.a(usb_standard.o)
 .text.usb_standard_endpoint_get_status
                0x0000000008001998       0x2a libopencm3/lib/libopencm3_stm32f1.a(usb_standard.o)
 .text.usb_standard_endpoint_stall
                0x00000000080019c2       0x10 libopencm3/lib/libopencm3_stm32f1.a(usb_standard.o)
 .text.usb_standard_endpoint_unstall
                0x00000000080019d2       0x10 libopencm3/lib/libopencm3_stm32f1.a(usb_standard.o)
 .text.usb_standard_set_interface
                0x00000000080019e2       0x50 libopencm3/lib/libopencm3_stm32f1.a(usb_standard.o)
 .text.usb_standard_get_descriptor
                0x0000000008001a32      0x26a libopencm3/lib/libopencm3_stm32f1.a(usb_standard.o)
 .text.usb_standard_interface_get_status
                0x0000000008001c9c       0x18 libopencm3/lib/libopencm3_stm32f1.a(usb_standard.o)
 .text.usbd_register_set_config_callback
                0x0000000008001cb4       0x2c libopencm3/lib/libopencm3_stm32f1.a(usb_standard.o)
                0x0000000008001cb4                usbd_register_set_config_callback
 .text._usbd_standard_request_device
                0x0000000008001ce0       0x48 libopencm3/lib/libopencm3_stm32f1.a(usb_standard.o)
                0x0000000008001ce0                _usbd_standard_request_device
 .text._usbd_standard_request_interface
                0x0000000008001d28       0x30 libopencm3/lib/libopencm3_stm32f1.a(usb_standard.o)
                0x0000000008001d28                _usbd_standard_request_interface
 .text._usbd_standard_request_endpoint
                0x0000000008001d58       0x3c libopencm3/lib/libopencm3_stm32f1.a(usb_standard.o)
                0x0000000008001d58                _usbd_standard_request_endpoint
 .text._usbd_standard_request
                0x0000000008001d94       0x30 libopencm3/lib/libopencm3_stm32f1.a(usb_standard.o)
                0x0000000008001d94                _usbd_standard_request
 .text.st_usbfs_v1_usbd_init
                0x0000000008001dc4       0x30 libopencm3/lib/libopencm3_stm32f1.a(st_usbfs_v1.o)
 .text.st_usbfs_copy_to_pm
                0x0000000008001df4       0x18 libopencm3/lib/libopencm3_stm32f1.a(st_usbfs_v1.o)
                0x0000000008001df4                st_usbfs_copy_to_pm
 .text.st_usbfs_copy_from_pm
                0x0000000008001e0c       0x26 libopencm3/lib/libopencm3_stm32f1.a(st_usbfs_v1.o)
                0x0000000008001e0c                st_usbfs_copy_from_pm
 *fill*         0x0000000008001e32        0x2 
 .text.systick_set_reload
                0x0000000008001e34       0x10 libopencm3/lib/libopencm3_stm32f1.a(systick.o)
                0x0000000008001e34                systick_set_reload
 .text.systick_set_clocksource
                0x0000000008001e44       0x18 libopencm3/lib/libopencm3_stm32f1.a(systick.o)
                0x0000000008001e44                systick_set_clocksource
 .text.systick_interrupt_enable
                0x0000000008001e5c       0x10 libopencm3/lib/libopencm3_stm32f1.a(systick.o)
                0x0000000008001e5c                systick_interrupt_enable
 .text.systick_counter_enable
                0x0000000008001e6c       0x10 libopencm3/lib/libopencm3_stm32f1.a(systick.o)
                0x0000000008001e6c                systick_counter_enable
 .text.nvic_enable_irq
                0x0000000008001e7c       0x1a libopencm3/lib/libopencm3_stm32f1.a(nvic.o)
                0x0000000008001e7c                nvic_enable_irq
 *fill*         0x0000000008001e96        0x2 
 .text.nvic_set_priority
                0x0000000008001e98       0x20 libopencm3/lib/libopencm3_stm32f1.a(nvic.o)
                0x0000000008001e98                nvic_set_priority
 .text.flash_set_ws
                0x0000000008001eb8       0x14 libopencm3/lib/libopencm3_stm32f1.a(flash_common_all.o)
                0x0000000008001eb8                flash_set_ws
 .text.st_usbfs_set_address
                0x0000000008001ecc       0x10 libopencm3/lib/libopencm3_stm32f1.a(st_usbfs_core.o)
                0x0000000008001ecc                st_usbfs_set_address
 .text.st_usbfs_set_ep_rx_bufsize
                0x0000000008001edc       0x40 libopencm3/lib/libopencm3_stm32f1.a(st_usbfs_core.o)
                0x0000000008001edc                st_usbfs_set_ep_rx_bufsize
 .text.st_usbfs_ep_setup
                0x0000000008001f1c      0x124 libopencm3/lib/libopencm3_stm32f1.a(st_usbfs_core.o)
                0x0000000008001f1c                st_usbfs_ep_setup
 .text.st_usbfs_endpoints_reset
                0x0000000008002040       0x44 libopencm3/lib/libopencm3_stm32f1.a(st_usbfs_core.o)
                0x0000000008002040                st_usbfs_endpoints_reset
 .text.st_usbfs_ep_stall_set
                0x0000000008002084       0xc0 libopencm3/lib/libopencm3_stm32f1.a(st_usbfs_core.o)
                0x0000000008002084                st_usbfs_ep_stall_set
 .text.st_usbfs_ep_stall_get
                0x0000000008002144       0x38 libopencm3/lib/libopencm3_stm32f1.a(st_usbfs_core.o)
                0x0000000008002144                st_usbfs_ep_stall_get
 .text.st_usbfs_ep_nak_set
                0x000000000800217c       0x3c libopencm3/lib/libopencm3_stm32f1.a(st_usbfs_core.o)
                0x000000000800217c                st_usbfs_ep_nak_set
 .text.st_usbfs_ep_write_packet
                0x00000000080021b8       0x80 libopencm3/lib/libopencm3_stm32f1.a(st_usbfs_core.o)
                0x00000000080021b8                st_usbfs_ep_write_packet
 .text.st_usbfs_ep_read_packet
                0x0000000008002238       0xac libopencm3/lib/libopencm3_stm32f1.a(st_usbfs_core.o)
                0x0000000008002238                st_usbfs_ep_read_packet
 .text.st_usbfs_poll
                0x00000000080022e4       0xe8 libopencm3/lib/libopencm3_stm32f1.a(st_usbfs_core.o)
                0x00000000080022e4                st_usbfs_poll
 .text.memcpy   0x00000000080023cc       0x1c /home/rik/Toolchains/gcc-arm-none-eabi-10-2020-q4-major/bin/../lib/gcc/arm-none-eabi/10.2.1/../../../../arm-none-eabi/lib/thumb/v7-m/nofp/libg_nano.a(lib_a-memcpy-stub.o)
                0x00000000080023cc                memcpy
 .text          0x00000000080023e8       0x10 /home/rik/Toolchains/gcc-arm-none-eabi-10-2020-q4-major/bin/../lib/gcc/arm-none-eabi/10.2.1/../../../../arm-none-eabi/lib/thumb/v7-m/nofp/libg_nano.a(lib_a-strlen.o)
                0x00000000080023e8                strlen
                0x00000000080023f8                . = ALIGN (0x4)
 *(.rodata*)
 .rodata.image_data_font_fixedsys_mono_24_0x20
                0x00000000080023f8       0x30 /tmp/ccoUD2Bt.o
 .rodata.font_fixedsys_mono_24_0x20
                0x0000000008002428        0xc /tmp/ccoUD2Bt.o
 .rodata.image_data_font_fixedsys_mono_24_0x21
                0x0000000008002434       0x30 /tmp/ccoUD2Bt.o
 .rodata.font_fixedsys_mono_24_0x21
                0x0000000008002464        0xc /tmp/ccoUD2Bt.o
 .rodata.image_data_font_fixedsys_mono_24_0x22
                0x0000000008002470       0x30 /tmp/ccoUD2Bt.o
 .rodata.font_fixedsys_mono_24_0x22
                0x00000000080024a0        0xc /tmp/ccoUD2Bt.o
 .rodata.image_data_font_fixedsys_mono_24_0x23
                0x00000000080024ac       0x30 /tmp/ccoUD2Bt.o
 .rodata.font_fixedsys_mono_24_0x23
                0x00000000080024dc        0xc /tmp/ccoUD2Bt.o
 .rodata.image_data_font_fixedsys_mono_24_0x24
                0x00000000080024e8       0x30 /tmp/ccoUD2Bt.o
 .rodata.font_fixedsys_mono_24_0x24
                0x0000000008002518        0xc /tmp/ccoUD2Bt.o
 .rodata.image_data_font_fixedsys_mono_24_0x25
                0x0000000008002524       0x30 /tmp/ccoUD2Bt.o
 .rodata.font_fixedsys_mono_24_0x25
                0x0000000008002554        0xc /tmp/ccoUD2Bt.o
 .rodata.image_data_font_fixedsys_mono_24_0x26
                0x0000000008002560       0x30 /tmp/ccoUD2Bt.o
 .rodata.font_fixedsys_mono_24_0x26
                0x0000000008002590        0xc /tmp/ccoUD2Bt.o
 .rodata.image_data_font_fixedsys_mono_24_0x27
                0x000000000800259c       0x30 /tmp/ccoUD2Bt.o
 .rodata.font_fixedsys_mono_24_0x27
                0x00000000080025cc        0xc /tmp/ccoUD2Bt.o
 .rodata.image_data_font_fixedsys_mono_24_0x28
                0x00000000080025d8       0x30 /tmp/ccoUD2Bt.o
 .rodata.font_fixedsys_mono_24_0x28
                0x0000000008002608        0xc /tmp/ccoUD2Bt.o
 .rodata.image_data_font_fixedsys_mono_24_0x29
                0x0000000008002614       0x30 /tmp/ccoUD2Bt.o
 .rodata.font_fixedsys_mono_24_0x29
                0x0000000008002644        0xc /tmp/ccoUD2Bt.o
 .rodata.image_data_font_fixedsys_mono_24_0x2a
                0x0000000008002650       0x30 /tmp/ccoUD2Bt.o
 .rodata.font_fixedsys_mono_24_0x2a
                0x0000000008002680        0xc /tmp/ccoUD2Bt.o
 .rodata.image_data_font_fixedsys_mono_24_0x2b
                0x000000000800268c       0x30 /tmp/ccoUD2Bt.o
 .rodata.font_fixedsys_mono_24_0x2b
                0x00000000080026bc        0xc /tmp/ccoUD2Bt.o
 .rodata.image_data_font_fixedsys_mono_24_0x2c
                0x00000000080026c8       0x30 /tmp/ccoUD2Bt.o
 .rodata.font_fixedsys_mono_24_0x2c
                0x00000000080026f8        0xc /tmp/ccoUD2Bt.o
 .rodata.image_data_font_fixedsys_mono_24_0x2d
                0x0000000008002704       0x30 /tmp/ccoUD2Bt.o
 .rodata.font_fixedsys_mono_24_0x2d
                0x0000000008002734        0xc /tmp/ccoUD2Bt.o
 .rodata.image_data_font_fixedsys_mono_24_0x2e
                0x0000000008002740       0x30 /tmp/ccoUD2Bt.o
 .rodata.font_fixedsys_mono_24_0x2e
                0x0000000008002770        0xc /tmp/ccoUD2Bt.o
 .rodata.image_data_font_fixedsys_mono_24_0x2f
                0x000000000800277c       0x30 /tmp/ccoUD2Bt.o
 .rodata.font_fixedsys_mono_24_0x2f
                0x00000000080027ac        0xc /tmp/ccoUD2Bt.o
 .rodata.image_data_font_fixedsys_mono_24_0x30
                0x00000000080027b8       0x30 /tmp/ccoUD2Bt.o
 .rodata.font_fixedsys_mono_24_0x30
                0x00000000080027e8        0xc /tmp/ccoUD2Bt.o
 .rodata.image_data_font_fixedsys_mono_24_0x31
                0x00000000080027f4       0x30 /tmp/ccoUD2Bt.o
 .rodata.font_fixedsys_mono_24_0x31
                0x0000000008002824        0xc /tmp/ccoUD2Bt.o
 .rodata.image_data_font_fixedsys_mono_24_0x32
                0x0000000008002830       0x30 /tmp/ccoUD2Bt.o
 .rodata.font_fixedsys_mono_24_0x32
                0x0000000008002860        0xc /tmp/ccoUD2Bt.o
 .rodata.image_data_font_fixedsys_mono_24_0x33
                0x000000000800286c       0x30 /tmp/ccoUD2Bt.o
 .rodata.font_fixedsys_mono_24_0x33
                0x000000000800289c        0xc /tmp/ccoUD2Bt.o
 .rodata.image_data_font_fixedsys_mono_24_0x34
                0x00000000080028a8       0x30 /tmp/ccoUD2Bt.o
 .rodata.font_fixedsys_mono_24_0x34
                0x00000000080028d8        0xc /tmp/ccoUD2Bt.o
 .rodata.image_data_font_fixedsys_mono_24_0x35
                0x00000000080028e4       0x30 /tmp/ccoUD2Bt.o
 .rodata.font_fixedsys_mono_24_0x35
                0x0000000008002914        0xc /tmp/ccoUD2Bt.o
 .rodata.image_data_font_fixedsys_mono_24_0x36
                0x0000000008002920       0x30 /tmp/ccoUD2Bt.o
 .rodata.font_fixedsys_mono_24_0x36
                0x0000000008002950        0xc /tmp/ccoUD2Bt.o
 .rodata.image_data_font_fixedsys_mono_24_0x37
                0x000000000800295c       0x30 /tmp/ccoUD2Bt.o
 .rodata.font_fixedsys_mono_24_0x37
                0x000000000800298c        0xc /tmp/ccoUD2Bt.o
 .rodata.image_data_font_fixedsys_mono_24_0x38
                0x0000000008002998       0x30 /tmp/ccoUD2Bt.o
 .rodata.font_fixedsys_mono_24_0x38
                0x00000000080029c8        0xc /tmp/ccoUD2Bt.o
 .rodata.image_data_font_fixedsys_mono_24_0x39
                0x00000000080029d4       0x30 /tmp/ccoUD2Bt.o
 .rodata.font_fixedsys_mono_24_0x39
                0x0000000008002a04        0xc /tmp/ccoUD2Bt.o
 .rodata.image_data_font_fixedsys_mono_24_0x3a
                0x0000000008002a10       0x30 /tmp/ccoUD2Bt.o
 .rodata.font_fixedsys_mono_24_0x3a
                0x0000000008002a40        0xc /tmp/ccoUD2Bt.o
 .rodata.image_data_font_fixedsys_mono_24_0x3b
                0x0000000008002a4c       0x30 /tmp/ccoUD2Bt.o
 .rodata.font_fixedsys_mono_24_0x3b
                0x0000000008002a7c        0xc /tmp/ccoUD2Bt.o
 .rodata.image_data_font_fixedsys_mono_24_0x3c
                0x0000000008002a88       0x30 /tmp/ccoUD2Bt.o
 .rodata.font_fixedsys_mono_24_0x3c
                0x0000000008002ab8        0xc /tmp/ccoUD2Bt.o
 .rodata.image_data_font_fixedsys_mono_24_0x3d
                0x0000000008002ac4       0x30 /tmp/ccoUD2Bt.o
 .rodata.font_fixedsys_mono_24_0x3d
                0x0000000008002af4        0xc /tmp/ccoUD2Bt.o
 .rodata.image_data_font_fixedsys_mono_24_0x3e
                0x0000000008002b00       0x30 /tmp/ccoUD2Bt.o
 .rodata.font_fixedsys_mono_24_0x3e
                0x0000000008002b30        0xc /tmp/ccoUD2Bt.o
 .rodata.image_data_font_fixedsys_mono_24_0x3f
                0x0000000008002b3c       0x30 /tmp/ccoUD2Bt.o
 .rodata.font_fixedsys_mono_24_0x3f
                0x0000000008002b6c        0xc /tmp/ccoUD2Bt.o
 .rodata.image_data_font_fixedsys_mono_24_0x40
                0x0000000008002b78       0x30 /tmp/ccoUD2Bt.o
 .rodata.font_fixedsys_mono_24_0x40
                0x0000000008002ba8        0xc /tmp/ccoUD2Bt.o
 .rodata.image_data_font_fixedsys_mono_24_0x41
                0x0000000008002bb4       0x30 /tmp/ccoUD2Bt.o
 .rodata.font_fixedsys_mono_24_0x41
                0x0000000008002be4        0xc /tmp/ccoUD2Bt.o
 .rodata.image_data_font_fixedsys_mono_24_0x42
                0x0000000008002bf0       0x30 /tmp/ccoUD2Bt.o
 .rodata.font_fixedsys_mono_24_0x42
                0x0000000008002c20        0xc /tmp/ccoUD2Bt.o
 .rodata.image_data_font_fixedsys_mono_24_0x43
                0x0000000008002c2c       0x30 /tmp/ccoUD2Bt.o
 .rodata.font_fixedsys_mono_24_0x43
                0x0000000008002c5c        0xc /tmp/ccoUD2Bt.o
 .rodata.image_data_font_fixedsys_mono_24_0x44
                0x0000000008002c68       0x30 /tmp/ccoUD2Bt.o
 .rodata.font_fixedsys_mono_24_0x44
                0x0000000008002c98        0xc /tmp/ccoUD2Bt.o
 .rodata.image_data_font_fixedsys_mono_24_0x45
                0x0000000008002ca4       0x30 /tmp/ccoUD2Bt.o
 .rodata.font_fixedsys_mono_24_0x45
                0x0000000008002cd4        0xc /tmp/ccoUD2Bt.o
 .rodata.image_data_font_fixedsys_mono_24_0x46
                0x0000000008002ce0       0x30 /tmp/ccoUD2Bt.o
 .rodata.font_fixedsys_mono_24_0x46
                0x0000000008002d10        0xc /tmp/ccoUD2Bt.o
 .rodata.image_data_font_fixedsys_mono_24_0x47
                0x0000000008002d1c       0x30 /tmp/ccoUD2Bt.o
 .rodata.font_fixedsys_mono_24_0x47
                0x0000000008002d4c        0xc /tmp/ccoUD2Bt.o
 .rodata.image_data_font_fixedsys_mono_24_0x48
                0x0000000008002d58       0x30 /tmp/ccoUD2Bt.o
 .rodata.font_fixedsys_mono_24_0x48
                0x0000000008002d88        0xc /tmp/ccoUD2Bt.o
 .rodata.image_data_font_fixedsys_mono_24_0x49
                0x0000000008002d94       0x30 /tmp/ccoUD2Bt.o
 .rodata.font_fixedsys_mono_24_0x49
                0x0000000008002dc4        0xc /tmp/ccoUD2Bt.o
 .rodata.image_data_font_fixedsys_mono_24_0x4a
                0x0000000008002dd0       0x30 /tmp/ccoUD2Bt.o
 .rodata.font_fixedsys_mono_24_0x4a
                0x0000000008002e00        0xc /tmp/ccoUD2Bt.o
 .rodata.image_data_font_fixedsys_mono_24_0x4b
                0x0000000008002e0c       0x30 /tmp/ccoUD2Bt.o
 .rodata.font_fixedsys_mono_24_0x4b
                0x0000000008002e3c        0xc /tmp/ccoUD2Bt.o
 .rodata.image_data_font_fixedsys_mono_24_0x4c
                0x0000000008002e48       0x30 /tmp/ccoUD2Bt.o
 .rodata.font_fixedsys_mono_24_0x4c
                0x0000000008002e78        0xc /tmp/ccoUD2Bt.o
 .rodata.image_data_font_fixedsys_mono_24_0x4d
                0x0000000008002e84       0x30 /tmp/ccoUD2Bt.o
 .rodata.font_fixedsys_mono_24_0x4d
                0x0000000008002eb4        0xc /tmp/ccoUD2Bt.o
 .rodata.image_data_font_fixedsys_mono_24_0x4e
                0x0000000008002ec0       0x30 /tmp/ccoUD2Bt.o
 .rodata.font_fixedsys_mono_24_0x4e
                0x0000000008002ef0        0xc /tmp/ccoUD2Bt.o
 .rodata.image_data_font_fixedsys_mono_24_0x4f
                0x0000000008002efc       0x30 /tmp/ccoUD2Bt.o
 .rodata.font_fixedsys_mono_24_0x4f
                0x0000000008002f2c        0xc /tmp/ccoUD2Bt.o
 .rodata.image_data_font_fixedsys_mono_24_0x50
                0x0000000008002f38       0x30 /tmp/ccoUD2Bt.o
 .rodata.font_fixedsys_mono_24_0x50
                0x0000000008002f68        0xc /tmp/ccoUD2Bt.o
 .rodata.image_data_font_fixedsys_mono_24_0x51
                0x0000000008002f74       0x30 /tmp/ccoUD2Bt.o
 .rodata.font_fixedsys_mono_24_0x51
                0x0000000008002fa4        0xc /tmp/ccoUD2Bt.o
 .rodata.image_data_font_fixedsys_mono_24_0x52
                0x0000000008002fb0       0x30 /tmp/ccoUD2Bt.o
 .rodata.font_fixedsys_mono_24_0x52
                0x0000000008002fe0        0xc /tmp/ccoUD2Bt.o
 .rodata.image_data_font_fixedsys_mono_24_0x53
                0x0000000008002fec       0x30 /tmp/ccoUD2Bt.o
 .rodata.font_fixedsys_mono_24_0x53
                0x000000000800301c        0xc /tmp/ccoUD2Bt.o
 .rodata.image_data_font_fixedsys_mono_24_0x54
                0x0000000008003028       0x30 /tmp/ccoUD2Bt.o
 .rodata.font_fixedsys_mono_24_0x54
                0x0000000008003058        0xc /tmp/ccoUD2Bt.o
 .rodata.image_data_font_fixedsys_mono_24_0x55
                0x0000000008003064       0x30 /tmp/ccoUD2Bt.o
 .rodata.font_fixedsys_mono_24_0x55
                0x0000000008003094        0xc /tmp/ccoUD2Bt.o
 .rodata.image_data_font_fixedsys_mono_24_0x56
                0x00000000080030a0       0x30 /tmp/ccoUD2Bt.o
 .rodata.font_fixedsys_mono_24_0x56
                0x00000000080030d0        0xc /tmp/ccoUD2Bt.o
 .rodata.image_data_font_fixedsys_mono_24_0x57
                0x00000000080030dc       0x30 /tmp/ccoUD2Bt.o
 .rodata.font_fixedsys_mono_24_0x57
                0x000000000800310c        0xc /tmp/ccoUD2Bt.o
 .rodata.image_data_font_fixedsys_mono_24_0x58
                0x0000000008003118       0x30 /tmp/ccoUD2Bt.o
 .rodata.font_fixedsys_mono_24_0x58
                0x0000000008003148        0xc /tmp/ccoUD2Bt.o
 .rodata.image_data_font_fixedsys_mono_24_0x59
                0x0000000008003154       0x30 /tmp/ccoUD2Bt.o
 .rodata.font_fixedsys_mono_24_0x59
                0x0000000008003184        0xc /tmp/ccoUD2Bt.o
 .rodata.image_data_font_fixedsys_mono_24_0x5a
                0x0000000008003190       0x30 /tmp/ccoUD2Bt.o
 .rodata.font_fixedsys_mono_24_0x5a
                0x00000000080031c0        0xc /tmp/ccoUD2Bt.o
 .rodata.image_data_font_fixedsys_mono_24_0x5b
                0x00000000080031cc       0x30 /tmp/ccoUD2Bt.o
 .rodata.font_fixedsys_mono_24_0x5b
                0x00000000080031fc        0xc /tmp/ccoUD2Bt.o
 .rodata.image_data_font_fixedsys_mono_24_0x5c
                0x0000000008003208       0x30 /tmp/ccoUD2Bt.o
 .rodata.font_fixedsys_mono_24_0x5c
                0x0000000008003238        0xc /tmp/ccoUD2Bt.o
 .rodata.image_data_font_fixedsys_mono_24_0x5d
                0x0000000008003244       0x30 /tmp/ccoUD2Bt.o
 .rodata.font_fixedsys_mono_24_0x5d
                0x0000000008003274        0xc /tmp/ccoUD2Bt.o
 .rodata.image_data_font_fixedsys_mono_24_0x5e
                0x0000000008003280       0x30 /tmp/ccoUD2Bt.o
 .rodata.font_fixedsys_mono_24_0x5e
                0x00000000080032b0        0xc /tmp/ccoUD2Bt.o
 .rodata.image_data_font_fixedsys_mono_24_0x5f
                0x00000000080032bc       0x30 /tmp/ccoUD2Bt.o
 .rodata.font_fixedsys_mono_24_0x5f
                0x00000000080032ec        0xc /tmp/ccoUD2Bt.o
 .rodata.image_data_font_fixedsys_mono_24_0x60
                0x00000000080032f8       0x30 /tmp/ccoUD2Bt.o
 .rodata.font_fixedsys_mono_24_0x60
                0x0000000008003328        0xc /tmp/ccoUD2Bt.o
 .rodata.image_data_font_fixedsys_mono_24_0x61
                0x0000000008003334       0x30 /tmp/ccoUD2Bt.o
 .rodata.font_fixedsys_mono_24_0x61
                0x0000000008003364        0xc /tmp/ccoUD2Bt.o
 .rodata.image_data_font_fixedsys_mono_24_0x62
                0x0000000008003370       0x30 /tmp/ccoUD2Bt.o
 .rodata.font_fixedsys_mono_24_0x62
                0x00000000080033a0        0xc /tmp/ccoUD2Bt.o
 .rodata.image_data_font_fixedsys_mono_24_0x63
                0x00000000080033ac       0x30 /tmp/ccoUD2Bt.o
 .rodata.font_fixedsys_mono_24_0x63
                0x00000000080033dc        0xc /tmp/ccoUD2Bt.o
 .rodata.image_data_font_fixedsys_mono_24_0x64
                0x00000000080033e8       0x30 /tmp/ccoUD2Bt.o
 .rodata.font_fixedsys_mono_24_0x64
                0x0000000008003418        0xc /tmp/ccoUD2Bt.o
 .rodata.image_data_font_fixedsys_mono_24_0x65
                0x0000000008003424       0x30 /tmp/ccoUD2Bt.o
 .rodata.font_fixedsys_mono_24_0x65
                0x0000000008003454        0xc /tmp/ccoUD2Bt.o
 .rodata.image_data_font_fixedsys_mono_24_0x66
                0x0000000008003460       0x30 /tmp/ccoUD2Bt.o
 .rodata.font_fixedsys_mono_24_0x66
                0x0000000008003490        0xc /tmp/ccoUD2Bt.o
 .rodata.image_data_font_fixedsys_mono_24_0x67
                0x000000000800349c       0x30 /tmp/ccoUD2Bt.o
 .rodata.font_fixedsys_mono_24_0x67
                0x00000000080034cc        0xc /tmp/ccoUD2Bt.o
 .rodata.image_data_font_fixedsys_mono_24_0x68
                0x00000000080034d8       0x30 /tmp/ccoUD2Bt.o
 .rodata.font_fixedsys_mono_24_0x68
                0x0000000008003508        0xc /tmp/ccoUD2Bt.o
 .rodata.image_data_font_fixedsys_mono_24_0x69
                0x0000000008003514       0x30 /tmp/ccoUD2Bt.o
 .rodata.font_fixedsys_mono_24_0x69
                0x0000000008003544        0xc /tmp/ccoUD2Bt.o
 .rodata.image_data_font_fixedsys_mono_24_0x6a
                0x0000000008003550       0x30 /tmp/ccoUD2Bt.o
 .rodata.font_fixedsys_mono_24_0x6a
                0x0000000008003580        0xc /tmp/ccoUD2Bt.o
 .rodata.image_data_font_fixedsys_mono_24_0x6b
                0x000000000800358c       0x30 /tmp/ccoUD2Bt.o
 .rodata.font_fixedsys_mono_24_0x6b
                0x00000000080035bc        0xc /tmp/ccoUD2Bt.o
 .rodata.image_data_font_fixedsys_mono_24_0x6c
                0x00000000080035c8       0x30 /tmp/ccoUD2Bt.o
 .rodata.font_fixedsys_mono_24_0x6c
                0x00000000080035f8        0xc /tmp/ccoUD2Bt.o
 .rodata.image_data_font_fixedsys_mono_24_0x6d
                0x0000000008003604       0x30 /tmp/ccoUD2Bt.o
 .rodata.font_fixedsys_mono_24_0x6d
                0x0000000008003634        0xc /tmp/ccoUD2Bt.o
 .rodata.image_data_font_fixedsys_mono_24_0x6e
                0x0000000008003640       0x30 /tmp/ccoUD2Bt.o
 .rodata.font_fixedsys_mono_24_0x6e
                0x0000000008003670        0xc /tmp/ccoUD2Bt.o
 .rodata.image_data_font_fixedsys_mono_24_0x6f
                0x000000000800367c       0x30 /tmp/ccoUD2Bt.o
 .rodata.font_fixedsys_mono_24_0x6f
                0x00000000080036ac        0xc /tmp/ccoUD2Bt.o
 .rodata.image_data_font_fixedsys_mono_24_0x70
                0x00000000080036b8       0x30 /tmp/ccoUD2Bt.o
 .rodata.font_fixedsys_mono_24_0x70
                0x00000000080036e8        0xc /tmp/ccoUD2Bt.o
 .rodata.image_data_font_fixedsys_mono_24_0x71
                0x00000000080036f4       0x30 /tmp/ccoUD2Bt.o
 .rodata.font_fixedsys_mono_24_0x71
                0x0000000008003724        0xc /tmp/ccoUD2Bt.o
 .rodata.image_data_font_fixedsys_mono_24_0x72
                0x0000000008003730       0x30 /tmp/ccoUD2Bt.o
 .rodata.font_fixedsys_mono_24_0x72
                0x0000000008003760        0xc /tmp/ccoUD2Bt.o
 .rodata.image_data_font_fixedsys_mono_24_0x73
                0x000000000800376c       0x30 /tmp/ccoUD2Bt.o
 .rodata.font_fixedsys_mono_24_0x73
                0x000000000800379c        0xc /tmp/ccoUD2Bt.o
 .rodata.image_data_font_fixedsys_mono_24_0x74
                0x00000000080037a8       0x30 /tmp/ccoUD2Bt.o
 .rodata.font_fixedsys_mono_24_0x74
                0x00000000080037d8        0xc /tmp/ccoUD2Bt.o
 .rodata.image_data_font_fixedsys_mono_24_0x75
                0x00000000080037e4       0x30 /tmp/ccoUD2Bt.o
 .rodata.font_fixedsys_mono_24_0x75
                0x0000000008003814        0xc /tmp/ccoUD2Bt.o
 .rodata.image_data_font_fixedsys_mono_24_0x76
                0x0000000008003820       0x30 /tmp/ccoUD2Bt.o
 .rodata.font_fixedsys_mono_24_0x76
                0x0000000008003850        0xc /tmp/ccoUD2Bt.o
 .rodata.image_data_font_fixedsys_mono_24_0x77
                0x000000000800385c       0x30 /tmp/ccoUD2Bt.o
 .rodata.font_fixedsys_mono_24_0x77
                0x000000000800388c        0xc /tmp/ccoUD2Bt.o
 .rodata.image_data_font_fixedsys_mono_24_0x78
                0x0000000008003898       0x30 /tmp/ccoUD2Bt.o
 .rodata.font_fixedsys_mono_24_0x78
                0x00000000080038c8        0xc /tmp/ccoUD2Bt.o
 .rodata.image_data_font_fixedsys_mono_24_0x79
                0x00000000080038d4       0x30 /tmp/ccoUD2Bt.o
 .rodata.font_fixedsys_mono_24_0x79
                0x0000000008003904        0xc /tmp/ccoUD2Bt.o
 .rodata.image_data_font_fixedsys_mono_24_0x7a
                0x0000000008003910       0x30 /tmp/ccoUD2Bt.o
 .rodata.font_fixedsys_mono_24_0x7a
                0x0000000008003940        0xc /tmp/ccoUD2Bt.o
 .rodata.image_data_font_fixedsys_mono_24_0x7b
                0x000000000800394c       0x30 /tmp/ccoUD2Bt.o
 .rodata.font_fixedsys_mono_24_0x7b
                0x000000000800397c        0xc /tmp/ccoUD2Bt.o
 .rodata.image_data_font_fixedsys_mono_24_0x7c
                0x0000000008003988       0x30 /tmp/ccoUD2Bt.o
 .rodata.font_fixedsys_mono_24_0x7c
                0x00000000080039b8        0xc /tmp/ccoUD2Bt.o
 .rodata.image_data_font_fixedsys_mono_24_0x7d
                0x00000000080039c4       0x30 /tmp/ccoUD2Bt.o
 .rodata.font_fixedsys_mono_24_0x7d
                0x00000000080039f4        0xc /tmp/ccoUD2Bt.o
 .rodata.image_data_font_fixedsys_mono_24_0x7e
                0x0000000008003a00       0x30 /tmp/ccoUD2Bt.o
 .rodata.font_fixedsys_mono_24_0x7e
                0x0000000008003a30        0xc /tmp/ccoUD2Bt.o
 .rodata.font_fixedsys_mono_24_array
                0x0000000008003a3c      0x2f8 /tmp/ccoUD2Bt.o
 .rodata.font_fixedsys_mono_24
                0x0000000008003d34        0x8 /tmp/ccoUD2Bt.o
 .rodata        0x0000000008003d3c       0x62 /tmp/ccoUD2Bt.o
 *fill*         0x0000000008003d9e        0x2 
 .rodata        0x0000000008003da0       0x26 /tmp/ccdtCchs.o
 *fill*         0x0000000008003dc6        0x2 
 .rodata.usb_desc_strings
                0x0000000008003dc8       0x10 /tmp/ccdtCchs.o
                0x0000000008003dc8                usb_desc_strings
 .rodata.comm_endpoint_descs
                0x0000000008003dd8       0x1e /tmp/ccdtCchs.o
 *fill*         0x0000000008003df6        0x2 
 .rodata.comm_if_descs
                0x0000000008003df8       0x15 /tmp/ccdtCchs.o
 *fill*         0x0000000008003e0d        0x3 
 .rodata.usb_interfaces
                0x0000000008003e10       0x10 /tmp/ccdtCchs.o
 .rodata.usb_config_descs
                0x0000000008003e20        0xd /tmp/ccdtCchs.o
                0x0000000008003e20                usb_config_descs
 *fill*         0x0000000008003e2d        0x3 
 .rodata.usb_device_desc
                0x0000000008003e30       0x12 /tmp/ccdtCchs.o
                0x0000000008003e30                usb_device_desc
 *fill*         0x0000000008003e42        0x2 
 .rodata.HEX_DIGITS
                0x0000000008003e44       0x11 /tmp/ccdtCchs.o
 *fill*         0x0000000008003e55        0x3 
 .rodata.st_usbfs_v1_usb_driver
                0x0000000008003e58       0x34 libopencm3/lib/libopencm3_stm32f1.a(st_usbfs_v1.o)
                0x0000000008003e58                st_usbfs_v1_usb_driver
                0x0000000008003e8c                . = ALIGN (0x4)

.glue_7         0x0000000008003e8c        0x0
 .glue_7        0x0000000008003e8c        0x0 linker stubs

.glue_7t        0x0000000008003e8c        0x0
 .glue_7t       0x0000000008003e8c        0x0 linker stubs

.vfp11_veneer   0x0000000008003e8c        0x0
 .vfp11_veneer  0x0000000008003e8c        0x0 linker stubs

.v4_bx          0x0000000008003e8c        0x0
 .v4_bx         0x0000000008003e8c        0x0 linker stubs

.iplt           0x0000000008003e8c        0x0
 .iplt          0x0000000008003e8c        0x0 /tmp/ccoUD2Bt.o

.rel.dyn        0x0000000008003e8c        0x0
 .rel.iplt      0x0000000008003e8c        0x0 /tmp/ccoUD2Bt.o

.preinit_array  0x0000000008003e8c        0x0
                0x0000000008003e8c                . = ALIGN (0x4)
                0x0000000008003e8c                __preinit_array_start = .
 *(.preinit_array)
                0x0000000008003e8c                __preinit_array_end = .

.init_array     0x0000000008003e8c        0x0
                0x0000000008003e8c                . = ALIGN (0x4)
                0x0000000008003e8c                __init_array_start = .
 *(SORT_BY_NAME(.init_array.*))
 *(.init_array)
                0x0000000008003e8c                __init_array_end = .

.fini_array     0x0000000008003e8c        0x0
                0x0000000008003e8c                . = ALIGN (0x4)
                0x0000000008003e8c                __fini_array_start = .
 *(.fini_array)
 *(SORT_BY_NAME(.fini_array.*))
                0x0000000008003e8c                __fini_array_end = .

.ARM.extab
 *(.ARM.extab*)

.ARM.exidx      0x0000000008003e8c        0x0
                0x0000000008003e8c                __exidx_start = .
 *(.ARM.exidx*)
                0x0000000008003e8c                __exidx_end = .
                0x0000000008003e8c                . = ALIGN (0x4)
                0x0000000008003e8c                _etext = .

.data           0x0000000020000000       0x10 load address 0x0000000008003e8c
                0x0000000020000000                _data = .
 *(.data*)
 .data.st_tftwidth
                0x0000000020000000        0x2 /tmp/cchDJn7s.o
                0x0000000020000000                st_tftwidth
 .data.st_tftheight
                0x0000000020000002        0x2 /tmp/cchDJn7s.o
                0x0000000020000002                st_tftheight
 .data.rcc_ahb_frequency
                0x0000000020000004        0x4 libopencm3/lib/libopencm3_stm32f1.a(rcc.o)
                0x0000000020000004                rcc_ahb_frequency
 .data.rcc_apb1_frequency
                0x0000000020000008        0x4 libopencm3/lib/libopencm3_stm32f1.a(rcc.o)
                0x0000000020000008                rcc_apb1_frequency
 .data.rcc_apb2_frequency
                0x000000002000000c        0x4 libopencm3/lib/libopencm3_stm32f1.a(rcc.o)
                0x000000002000000c                rcc_apb2_frequency
                0x0000000020000010                . = ALIGN (0x4)
                0x0000000020000010                _edata = .
                0x0000000008003e8c                _data_loadaddr = LOADADDR (.data)

.igot.plt       0x0000000020000010        0x0 load address 0x0000000008003e9c
 .igot.plt      0x0000000020000010        0x0 /tmp/ccoUD2Bt.o

.bss            0x0000000020000010      0x21c load address 0x0000000008003e9c
 *(.bss*)
 .bss.usb_device
                0x0000000020000010        0x4 /tmp/ccoUD2Bt.o
 .bss.usbd_control_buffer
                0x0000000020000014      0x100 /tmp/ccoUD2Bt.o
 .bss.serial_num
                0x0000000020000114        0xd /tmp/ccdtCchs.o
 *fill*         0x0000000020000121        0x3 
 .bss.millis_count
                0x0000000020000124        0x4 /tmp/cc5JdGzt.o
 .bss.st_usbfs_dev
                0x0000000020000128       0xfc libopencm3/lib/libopencm3_stm32f1.a(st_usbfs_core.o)
                0x0000000020000128                st_usbfs_dev
 .bss.st_usbfs_force_nak
                0x0000000020000224        0x8 libopencm3/lib/libopencm3_stm32f1.a(st_usbfs_core.o)
                0x0000000020000224                st_usbfs_force_nak
 *(COMMON)
                0x000000002000022c                . = ALIGN (0x4)
                0x000000002000022c                _ebss = .

/DISCARD/
 *(.eh_frame)
                0x000000002000022c                . = ALIGN (0x4)
                0x000000002000022c                end = .
                0x0000000020005000                PROVIDE (_stack = (ORIGIN (ram) + LENGTH (ram)))
OUTPUT(main.elf elf32-littlearm)
LOAD linker stubs

.debug_info     0x0000000000000000     0xd23f
 .debug_info    0x0000000000000000     0x1937 /tmp/ccoUD2Bt.o
 .debug_info    0x0000000000001937     0x1134 /tmp/cchDJn7s.o
 .debug_info    0x0000000000002a6b      0x2be /tmp/ccVCPY0r.o
 .debug_info    0x0000000000002d29      0x64e /tmp/ccdtCchs.o
 .debug_info    0x0000000000003377      0x12e /tmp/cc5JdGzt.o
 .debug_info    0x00000000000034a5      0x20a libopencm3/lib/libopencm3_stm32f1.a(gpio.o)
 .debug_info    0x00000000000036af      0x266 libopencm3/lib/libopencm3_stm32f1.a(gpio_common_all.o)
 .debug_info    0x0000000000003915     0x128f libopencm3/lib/libopencm3_stm32f1.a(rcc.o)
 .debug_info    0x0000000000004ba4      0x603 libopencm3/lib/libopencm3_stm32f1.a(rcc_common_all.o)
 .debug_info    0x00000000000051a7      0xa1c libopencm3/lib/libopencm3_stm32f1.a(spi_common_all.o)
 .debug_info    0x0000000000005bc3      0x185 libopencm3/lib/libopencm3_stm32f1.a(spi_common_v1.o)
 .debug_info    0x0000000000005d48     0x17fc libopencm3/lib/libopencm3_stm32f1.a(usb.o)
 .debug_info    0x0000000000007544     0x1931 libopencm3/lib/libopencm3_stm32f1.a(usb_control.o)
 .debug_info    0x0000000000008e75     0x1fc5 libopencm3/lib/libopencm3_stm32f1.a(usb_standard.o)
 .debug_info    0x000000000000ae3a      0xda7 libopencm3/lib/libopencm3_stm32f1.a(st_usbfs_v1.o)
 .debug_info    0x000000000000bbe1      0x280 libopencm3/lib/libopencm3_stm32f1.a(systick.o)
 .debug_info    0x000000000000be61      0x251 libopencm3/lib/libopencm3_stm32f1.a(nvic.o)
 .debug_info    0x000000000000c0b2       0xf6 libopencm3/lib/libopencm3_stm32f1.a(flash_common_all.o)
 .debug_info    0x000000000000c1a8     0x1097 libopencm3/lib/libopencm3_stm32f1.a(st_usbfs_core.o)

.debug_abbrev   0x0000000000000000     0x263d
 .debug_abbrev  0x0000000000000000      0x22e /tmp/ccoUD2Bt.o
 .debug_abbrev  0x000000000000022e      0x286 /tmp/cchDJn7s.o
 .debug_abbrev  0x00000000000004b4      0x125 /tmp/ccVCPY0r.o
 .debug_abbrev  0x00000000000005d9      0x179 /tmp/ccdtCchs.o
 .debug_abbrev  0x0000000000000752       0xdd /tmp/cc5JdGzt.o
 .debug_abbrev  0x000000000000082f       0xd0 libopencm3/lib/libopencm3_stm32f1.a(gpio.o)
 .debug_abbrev  0x00000000000008ff      0x116 libopencm3/lib/libopencm3_stm32f1.a(gpio_common_all.o)
 .debug_abbrev  0x0000000000000a15      0x2e1 libopencm3/lib/libopencm3_stm32f1.a(rcc.o)
 .debug_abbrev  0x0000000000000cf6      0x15d libopencm3/lib/libopencm3_stm32f1.a(rcc_common_all.o)
 .debug_abbrev  0x0000000000000e53      0x1eb libopencm3/lib/libopencm3_stm32f1.a(spi_common_all.o)
 .debug_abbrev  0x000000000000103e       0xe5 libopencm3/lib/libopencm3_stm32f1.a(spi_common_v1.o)
 .debug_abbrev  0x0000000000001123      0x333 libopencm3/lib/libopencm3_stm32f1.a(usb.o)
 .debug_abbrev  0x0000000000001456      0x477 libopencm3/lib/libopencm3_stm32f1.a(usb_control.o)
 .debug_abbrev  0x00000000000018cd      0x5a4 libopencm3/lib/libopencm3_stm32f1.a(usb_standard.o)
 .debug_abbrev  0x0000000000001e71      0x265 libopencm3/lib/libopencm3_stm32f1.a(st_usbfs_v1.o)
 .debug_abbrev  0x00000000000020d6      0x155 libopencm3/lib/libopencm3_stm32f1.a(systick.o)
 .debug_abbrev  0x000000000000222b       0xb5 libopencm3/lib/libopencm3_stm32f1.a(nvic.o)
 .debug_abbrev  0x00000000000022e0       0x97 libopencm3/lib/libopencm3_stm32f1.a(flash_common_all.o)
 .debug_abbrev  0x0000000000002377      0x2c6 libopencm3/lib/libopencm3_stm32f1.a(st_usbfs_core.o)

.debug_aranges  0x0000000000000000      0x8b8
 .debug_aranges
                0x0000000000000000       0x50 /tmp/ccoUD2Bt.o
 .debug_aranges
                0x0000000000000050       0xc8 /tmp/cchDJn7s.o
 .debug_aranges
                0x0000000000000118       0x38 /tmp/ccVCPY0r.o
 .debug_aranges
                0x0000000000000150       0x28 /tmp/ccdtCchs.o
 .debug_aranges
                0x0000000000000178       0x38 /tmp/cc5JdGzt.o
 .debug_aranges
                0x00000000000001b0       0x38 libopencm3/lib/libopencm3_stm32f1.a(gpio.o)
 .debug_aranges
                0x00000000000001e8       0x50 libopencm3/lib/libopencm3_stm32f1.a(gpio_common_all.o)
 .debug_aranges
                0x0000000000000238      0x158 libopencm3/lib/libopencm3_stm32f1.a(rcc.o)
 .debug_aranges
                0x0000000000000390       0x58 libopencm3/lib/libopencm3_stm32f1.a(rcc_common_all.o)
 .debug_aranges
                0x00000000000003e8      0x178 libopencm3/lib/libopencm3_stm32f1.a(spi_common_all.o)
 .debug_aranges
                0x0000000000000560       0x30 libopencm3/lib/libopencm3_stm32f1.a(spi_common_v1.o)
 .debug_aranges
                0x0000000000000590       0x88 libopencm3/lib/libopencm3_stm32f1.a(usb.o)
 .debug_aranges
                0x0000000000000618       0x60 libopencm3/lib/libopencm3_stm32f1.a(usb_control.o)
 .debug_aranges
                0x0000000000000678       0x98 libopencm3/lib/libopencm3_stm32f1.a(usb_standard.o)
 .debug_aranges
                0x0000000000000710       0x30 libopencm3/lib/libopencm3_stm32f1.a(st_usbfs_v1.o)
 .debug_aranges
                0x0000000000000740       0x78 libopencm3/lib/libopencm3_stm32f1.a(systick.o)
 .debug_aranges
                0x00000000000007b8       0x60 libopencm3/lib/libopencm3_stm32f1.a(nvic.o)
 .debug_aranges
                0x0000000000000818       0x38 libopencm3/lib/libopencm3_stm32f1.a(flash_common_all.o)
 .debug_aranges
                0x0000000000000850       0x68 libopencm3/lib/libopencm3_stm32f1.a(st_usbfs_core.o)

.debug_ranges   0x0000000000000000      0x988
 .debug_ranges  0x0000000000000000       0x40 /tmp/ccoUD2Bt.o
 .debug_ranges  0x0000000000000040       0xb8 /tmp/cchDJn7s.o
 .debug_ranges  0x00000000000000f8       0x28 /tmp/ccVCPY0r.o
 .debug_ranges  0x0000000000000120       0x18 /tmp/ccdtCchs.o
 .debug_ranges  0x0000000000000138       0x28 /tmp/cc5JdGzt.o
 .debug_ranges  0x0000000000000160       0x28 libopencm3/lib/libopencm3_stm32f1.a(gpio.o)
 .debug_ranges  0x0000000000000188       0x40 libopencm3/lib/libopencm3_stm32f1.a(gpio_common_all.o)
 .debug_ranges  0x00000000000001c8      0x1b8 libopencm3/lib/libopencm3_stm32f1.a(rcc.o)
 .debug_ranges  0x0000000000000380       0x48 libopencm3/lib/libopencm3_stm32f1.a(rcc_common_all.o)
 .debug_ranges  0x00000000000003c8      0x168 libopencm3/lib/libopencm3_stm32f1.a(spi_common_all.o)
 .debug_ranges  0x0000000000000530       0x20 libopencm3/lib/libopencm3_stm32f1.a(spi_common_v1.o)
 .debug_ranges  0x0000000000000550       0x78 libopencm3/lib/libopencm3_stm32f1.a(usb.o)
 .debug_ranges  0x00000000000005c8       0x90 libopencm3/lib/libopencm3_stm32f1.a(usb_control.o)
 .debug_ranges  0x0000000000000658      0x108 libopencm3/lib/libopencm3_stm32f1.a(usb_standard.o)
 .debug_ranges  0x0000000000000760       0x20 libopencm3/lib/libopencm3_stm32f1.a(st_usbfs_v1.o)
 .debug_ranges  0x0000000000000780       0x88 libopencm3/lib/libopencm3_stm32f1.a(systick.o)
 .debug_ranges  0x0000000000000808       0x50 libopencm3/lib/libopencm3_stm32f1.a(nvic.o)
 .debug_ranges  0x0000000000000858       0x28 libopencm3/lib/libopencm3_stm32f1.a(flash_common_all.o)
 .debug_ranges  0x0000000000000880      0x108 libopencm3/lib/libopencm3_stm32f1.a(st_usbfs_core.o)

.debug_line     0x0000000000000000     0x7533
 .debug_line    0x0000000000000000      0x2b5 /tmp/ccoUD2Bt.o
 .debug_line    0x00000000000002b5      0xa6b /tmp/cchDJn7s.o
 .debug_line    0x0000000000000d20      0x240 /tmp/ccVCPY0r.o
 .debug_line    0x0000000000000f60      0x1c1 /tmp/ccdtCchs.o
 .debug_line    0x0000000000001121      0x1a3 /tmp/cc5JdGzt.o
 .debug_line    0x00000000000012c4      0x4a2 libopencm3/lib/libopencm3_stm32f1.a(gpio.o)
 .debug_line    0x0000000000001766      0x4b8 libopencm3/lib/libopencm3_stm32f1.a(gpio_common_all.o)
 .debug_line    0x0000000000001c1e      0xded libopencm3/lib/libopencm3_stm32f1.a(rcc.o)
 .debug_line    0x0000000000002a0b      0x4e2 libopencm3/lib/libopencm3_stm32f1.a(rcc_common_all.o)
 .debug_line    0x0000000000002eed      0x9f9 libopencm3/lib/libopencm3_stm32f1.a(spi_common_all.o)
 .debug_line    0x00000000000038e6      0x46d libopencm3/lib/libopencm3_stm32f1.a(spi_common_v1.o)
 .debug_line    0x0000000000003d53      0x5f6 libopencm3/lib/libopencm3_stm32f1.a(usb.o)
 .debug_line    0x0000000000004349      0x812 libopencm3/lib/libopencm3_stm32f1.a(usb_control.o)
 .debug_line    0x0000000000004b5b      0xd53 libopencm3/lib/libopencm3_stm32f1.a(usb_standard.o)
 .debug_line    0x00000000000058ae      0x54e libopencm3/lib/libopencm3_stm32f1.a(st_usbfs_v1.o)
 .debug_line    0x0000000000005dfc      0x4b5 libopencm3/lib/libopencm3_stm32f1.a(systick.o)
 .debug_line    0x00000000000062b1      0x4da libopencm3/lib/libopencm3_stm32f1.a(nvic.o)
 .debug_line    0x000000000000678b      0x469 libopencm3/lib/libopencm3_stm32f1.a(flash_common_all.o)
 .debug_line    0x0000000000006bf4      0x93f libopencm3/lib/libopencm3_stm32f1.a(st_usbfs_core.o)

.debug_str      0x0000000000000000    0x15b17
 .debug_str     0x0000000000000000     0x1806 /tmp/ccoUD2Bt.o
                                       0x2305 (size before relaxing)
 .debug_str     0x0000000000001806      0x307 /tmp/cchDJn7s.o
                                        0x75b (size before relaxing)
 .debug_str     0x0000000000001b0d      0x1ae /tmp/ccVCPY0r.o
                                        0x339 (size before relaxing)
 .debug_str     0x0000000000001cbb       0xe6 /tmp/ccdtCchs.o
                                        0x5b0 (size before relaxing)
 .debug_str     0x0000000000001da1       0x67 /tmp/cc5JdGzt.o
                                        0x1f4 (size before relaxing)
 .debug_str     0x0000000000001e08     0x840d libopencm3/lib/libopencm3_stm32f1.a(gpio.o)
                                       0x85cb (size before relaxing)
 .debug_str     0x000000000000a215       0x80 libopencm3/lib/libopencm3_stm32f1.a(gpio_common_all.o)
                                       0x85bf (size before relaxing)
 .debug_str     0x000000000000a295     0x3102 libopencm3/lib/libopencm3_stm32f1.a(rcc.o)
                                       0x7ebe (size before relaxing)
 .debug_str     0x000000000000d397      0x197 libopencm3/lib/libopencm3_stm32f1.a(rcc_common_all.o)
                                       0x77d4 (size before relaxing)
 .debug_str     0x000000000000d52e     0x11da libopencm3/lib/libopencm3_stm32f1.a(spi_common_all.o)
                                       0x85d4 (size before relaxing)
 .debug_str     0x000000000000e708       0x60 libopencm3/lib/libopencm3_stm32f1.a(spi_common_v1.o)
                                       0x7fe5 (size before relaxing)
 .debug_str     0x000000000000e768     0x3a6c libopencm3/lib/libopencm3_stm32f1.a(usb.o)
                                       0x8042 (size before relaxing)
 .debug_str     0x00000000000121d4      0x1ba libopencm3/lib/libopencm3_stm32f1.a(usb_control.o)
                                       0x808f (size before relaxing)
 .debug_str     0x000000000001238e      0x2e4 libopencm3/lib/libopencm3_stm32f1.a(usb_standard.o)
                                       0x81c2 (size before relaxing)
 .debug_str     0x0000000000012672     0x1594 libopencm3/lib/libopencm3_stm32f1.a(st_usbfs_v1.o)
                                       0x98f3 (size before relaxing)
 .debug_str     0x0000000000013c06      0x34b libopencm3/lib/libopencm3_stm32f1.a(systick.o)
                                       0x4573 (size before relaxing)
 .debug_str     0x0000000000013f51     0x1a49 libopencm3/lib/libopencm3_stm32f1.a(nvic.o)
                                       0x5c76 (size before relaxing)
 .debug_str     0x000000000001599a       0x64 libopencm3/lib/libopencm3_stm32f1.a(flash_common_all.o)
                                       0x5597 (size before relaxing)
 .debug_str     0x00000000000159fe      0x119 libopencm3/lib/libopencm3_stm32f1.a(st_usbfs_core.o)
                                       0x980f (size before relaxing)

.comment        0x0000000000000000       0xc6
 .comment       0x0000000000000000       0x4d /tmp/ccoUD2Bt.o
                                         0x4e (size before relaxing)
 .comment       0x000000000000004d       0x4e /tmp/cchDJn7s.o
 .comment       0x000000000000004d       0x4e /tmp/ccVCPY0r.o
 .comment       0x000000000000004d       0x4e /tmp/ccdtCchs.o
 .comment       0x000000000000004d       0x4e /tmp/cc5JdGzt.o
 .comment       0x000000000000004d       0x79 libopencm3/lib/libopencm3_stm32f1.a(gpio.o)
                                         0x7a (size before relaxing)
 .comment       0x00000000000000c6       0x7a libopencm3/lib/libopencm3_stm32f1.a(gpio_common_all.o)
 .comment       0x00000000000000c6       0x7a libopencm3/lib/libopencm3_stm32f1.a(rcc.o)
 .comment       0x00000000000000c6       0x7a libopencm3/lib/libopencm3_stm32f1.a(rcc_common_all.o)
 .comment       0x00000000000000c6       0x7a libopencm3/lib/libopencm3_stm32f1.a(spi_common_all.o)
 .comment       0x00000000000000c6       0x7a libopencm3/lib/libopencm3_stm32f1.a(spi_common_v1.o)
 .comment       0x00000000000000c6       0x7a libopencm3/lib/libopencm3_stm32f1.a(usb.o)
 .comment       0x00000000000000c6       0x7a libopencm3/lib/libopencm3_stm32f1.a(usb_control.o)
 .comment       0x00000000000000c6       0x7a libopencm3/lib/libopencm3_stm32f1.a(usb_standard.o)
 .comment       0x00000000000000c6       0x7a libopencm3/lib/libopencm3_stm32f1.a(st_usbfs_v1.o)
 .comment       0x00000000000000c6       0x7a libopencm3/lib/libopencm3_stm32f1.a(systick.o)
 .comment       0x00000000000000c6       0x7a libopencm3/lib/libopencm3_stm32f1.a(nvic.o)
 .comment       0x00000000000000c6       0x7a libopencm3/lib/libopencm3_stm32f1.a(flash_common_all.o)
 .comment       0x00000000000000c6       0x7a libopencm3/lib/libopencm3_stm32f1.a(st_usbfs_core.o)

.ARM.attributes
                0x0000000000000000       0x2b
 .ARM.attributes
                0x0000000000000000       0x2d /tmp/ccoUD2Bt.o
 .ARM.attributes
                0x000000000000002d       0x2d /tmp/cchDJn7s.o
 .ARM.attributes
                0x000000000000005a       0x2d /tmp/ccVCPY0r.o
 .ARM.attributes
                0x0000000000000087       0x2d /tmp/ccdtCchs.o
 .ARM.attributes
                0x00000000000000b4       0x2d /tmp/cc5JdGzt.o
 .ARM.attributes
                0x00000000000000e1       0x2d libopencm3/lib/libopencm3_stm32f1.a(gpio.o)
 .ARM.attributes
                0x000000000000010e       0x2d libopencm3/lib/libopencm3_stm32f1.a(gpio_common_all.o)
 .ARM.attributes
                0x000000000000013b       0x2d libopencm3/lib/libopencm3_stm32f1.a(rcc.o)
 .ARM.attributes
                0x0000000000000168       0x2d libopencm3/lib/libopencm3_stm32f1.a(rcc_common_all.o)
 .ARM.attributes
                0x0000000000000195       0x2d libopencm3/lib/libopencm3_stm32f1.a(spi_common_all.o)
 .ARM.attributes
                0x00000000000001c2       0x2d libopencm3/lib/libopencm3_stm32f1.a(spi_common_v1.o)
 .ARM.attributes
                0x00000000000001ef       0x2d libopencm3/lib/libopencm3_stm32f1.a(usb.o)
 .ARM.attributes
                0x000000000000021c       0x2d libopencm3/lib/libopencm3_stm32f1.a(usb_control.o)
 .ARM.attributes
                0x0000000000000249       0x2d libopencm3/lib/libopencm3_stm32f1.a(usb_standard.o)
 .ARM.attributes
                0x0000000000000276       0x2d libopencm3/lib/libopencm3_stm32f1.a(st_usbfs_v1.o)
 .ARM.attributes
                0x00000000000002a3       0x2d libopencm3/lib/libopencm3_stm32f1.a(systick.o)
 .ARM.attributes
                0x00000000000002d0       0x2d libopencm3/lib/libopencm3_stm32f1.a(nvic.o)
 .ARM.attributes
                0x00000000000002fd       0x2d libopencm3/lib/libopencm3_stm32f1.a(flash_common_all.o)
 .ARM.attributes
                0x000000000000032a       0x2d libopencm3/lib/libopencm3_stm32f1.a(st_usbfs_core.o)
 .ARM.attributes
                0x0000000000000357       0x2d /home/rik/Toolchains/gcc-arm-none-eabi-10-2020-q4-major/bin/../lib/gcc/arm-none-eabi/10.2.1/../../../../arm-none-eabi/lib/thumb/v7-m/nofp/libg_nano.a(lib_a-memcpy-stub.o)
 .ARM.attributes
                0x0000000000000384       0x17 /home/rik/Toolchains/gcc-arm-none-eabi-10-2020-q4-major/bin/../lib/gcc/arm-none-eabi/10.2.1/../../../../arm-none-eabi/lib/thumb/v7-m/nofp/libg_nano.a(lib_a-strlen.o)

.debug_frame    0x0000000000000000     0x1574
 .debug_frame   0x0000000000000000       0xf8 /tmp/ccoUD2Bt.o
 .debug_frame   0x00000000000000f8      0x374 /tmp/cchDJn7s.o
 .debug_frame   0x000000000000046c       0x8c /tmp/ccVCPY0r.o
 .debug_frame   0x00000000000004f8       0x5c /tmp/ccdtCchs.o
 .debug_frame   0x0000000000000554       0x94 /tmp/cc5JdGzt.o
 .debug_frame   0x00000000000005e8       0x60 libopencm3/lib/libopencm3_stm32f1.a(gpio.o)
 .debug_frame   0x0000000000000648       0x80 libopencm3/lib/libopencm3_stm32f1.a(gpio_common_all.o)
 .debug_frame   0x00000000000006c8      0x2e0 libopencm3/lib/libopencm3_stm32f1.a(rcc.o)
 .debug_frame   0x00000000000009a8       0xd0 libopencm3/lib/libopencm3_stm32f1.a(rcc_common_all.o)
 .debug_frame   0x0000000000000a78      0x2d0 libopencm3/lib/libopencm3_stm32f1.a(spi_common_all.o)
 .debug_frame   0x0000000000000d48       0x4c libopencm3/lib/libopencm3_stm32f1.a(spi_common_v1.o)
 .debug_frame   0x0000000000000d94      0x13c libopencm3/lib/libopencm3_stm32f1.a(usb.o)
 .debug_frame   0x0000000000000ed0      0x164 libopencm3/lib/libopencm3_stm32f1.a(usb_control.o)
 .debug_frame   0x0000000000001034      0x1e4 libopencm3/lib/libopencm3_stm32f1.a(usb_standard.o)
 .debug_frame   0x0000000000001218       0x54 libopencm3/lib/libopencm3_stm32f1.a(st_usbfs_v1.o)
 .debug_frame   0x000000000000126c       0xd8 libopencm3/lib/libopencm3_stm32f1.a(systick.o)
 .debug_frame   0x0000000000001344       0xa0 libopencm3/lib/libopencm3_stm32f1.a(nvic.o)
 .debug_frame   0x00000000000013e4       0x50 libopencm3/lib/libopencm3_stm32f1.a(flash_common_all.o)
 .debug_frame   0x0000000000001434      0x118 libopencm3/lib/libopencm3_stm32f1.a(st_usbfs_core.o)
 .debug_frame   0x000000000000154c       0x28 /home/rik/Toolchains/gcc-arm-none-eabi-10-2020-q4-major/bin/../lib/gcc/arm-none-eabi/10.2.1/../../../../arm-none-eabi/lib/thumb/v7-m/nofp/libg_nano.a(lib_a-memcpy-stub.o)

.debug_loc      0x0000000000000000     0x3715
 .debug_loc     0x0000000000000000      0x134 libopencm3/lib/libopencm3_stm32f1.a(gpio.o)
 .debug_loc     0x0000000000000134       0xbe libopencm3/lib/libopencm3_stm32f1.a(gpio_common_all.o)
 .debug_loc     0x00000000000001f2      0x39c libopencm3/lib/libopencm3_stm32f1.a(rcc.o)
 .debug_loc     0x000000000000058e       0x6f libopencm3/lib/libopencm3_stm32f1.a(rcc_common_all.o)
 .debug_loc     0x00000000000005fd      0x1dc libopencm3/lib/libopencm3_stm32f1.a(spi_common_all.o)
 .debug_loc     0x00000000000007d9       0xff libopencm3/lib/libopencm3_stm32f1.a(spi_common_v1.o)
 .debug_loc     0x00000000000008d8      0x544 libopencm3/lib/libopencm3_stm32f1.a(usb.o)
 .debug_loc     0x0000000000000e1c      0x81a libopencm3/lib/libopencm3_stm32f1.a(usb_control.o)
 .debug_loc     0x0000000000001636     0x13a2 libopencm3/lib/libopencm3_stm32f1.a(usb_standard.o)
 .debug_loc     0x00000000000029d8      0x1de libopencm3/lib/libopencm3_stm32f1.a(st_usbfs_v1.o)
 .debug_loc     0x0000000000002bb6      0x192 libopencm3/lib/libopencm3_stm32f1.a(systick.o)
 .debug_loc     0x0000000000002d48      0x14d libopencm3/lib/libopencm3_stm32f1.a(nvic.o)
 .debug_loc     0x0000000000002e95       0x15 libopencm3/lib/libopencm3_stm32f1.a(flash_common_all.o)
 .debug_loc     0x0000000000002eaa      0x86b libopencm3/lib/libopencm3_stm32f1.a(st_usbfs_core.o)

.debug_macro    0x0000000000000000     0x5136
 .debug_macro   0x0000000000000000       0xb8 libopencm3/lib/libopencm3_stm32f1.a(gpio.o)
 .debug_macro   0x00000000000000b8      0xa90 libopencm3/lib/libopencm3_stm32f1.a(gpio.o)
 .debug_macro   0x0000000000000b48       0x1c libopencm3/lib/libopencm3_stm32f1.a(gpio.o)
 .debug_macro   0x0000000000000b64       0x22 libopencm3/lib/libopencm3_stm32f1.a(gpio.o)
 .debug_macro   0x0000000000000b86       0x56 libopencm3/lib/libopencm3_stm32f1.a(gpio.o)
 .debug_macro   0x0000000000000bdc       0x51 libopencm3/lib/libopencm3_stm32f1.a(gpio.o)
 .debug_macro   0x0000000000000c2d       0xef libopencm3/lib/libopencm3_stm32f1.a(gpio.o)
 .debug_macro   0x0000000000000d1c       0x6a libopencm3/lib/libopencm3_stm32f1.a(gpio.o)
 .debug_macro   0x0000000000000d86      0x1df libopencm3/lib/libopencm3_stm32f1.a(gpio.o)
 .debug_macro   0x0000000000000f65       0x22 libopencm3/lib/libopencm3_stm32f1.a(gpio.o)
 .debug_macro   0x0000000000000f87       0xe8 libopencm3/lib/libopencm3_stm32f1.a(gpio.o)
 .debug_macro   0x000000000000106f       0x76 libopencm3/lib/libopencm3_stm32f1.a(gpio.o)
 .debug_macro   0x00000000000010e5      0x1b4 libopencm3/lib/libopencm3_stm32f1.a(gpio.o)
 .debug_macro   0x0000000000001299       0x76 libopencm3/lib/libopencm3_stm32f1.a(gpio.o)
 .debug_macro   0x000000000000130f      0xe04 libopencm3/lib/libopencm3_stm32f1.a(gpio.o)
 .debug_macro   0x0000000000002113       0xb8 libopencm3/lib/libopencm3_stm32f1.a(gpio_common_all.o)
 .debug_macro   0x00000000000021cb       0xe7 libopencm3/lib/libopencm3_stm32f1.a(rcc.o)
 .debug_macro   0x00000000000022b2       0x16 libopencm3/lib/libopencm3_stm32f1.a(rcc.o)
 .debug_macro   0x00000000000022c8      0x82c libopencm3/lib/libopencm3_stm32f1.a(rcc.o)
 .debug_macro   0x0000000000002af4       0xee libopencm3/lib/libopencm3_stm32f1.a(rcc.o)
 .debug_macro   0x0000000000002be2       0x82 libopencm3/lib/libopencm3_stm32f1.a(rcc.o)
 .debug_macro   0x0000000000002c64       0xce libopencm3/lib/libopencm3_stm32f1.a(rcc_common_all.o)
 .debug_macro   0x0000000000002d32       0xd4 libopencm3/lib/libopencm3_stm32f1.a(spi_common_all.o)
 .debug_macro   0x0000000000002e06      0x2eb libopencm3/lib/libopencm3_stm32f1.a(spi_common_all.o)
 .debug_macro   0x00000000000030f1       0x16 libopencm3/lib/libopencm3_stm32f1.a(spi_common_all.o)
 .debug_macro   0x0000000000003107       0xd4 libopencm3/lib/libopencm3_stm32f1.a(spi_common_v1.o)
 .debug_macro   0x00000000000031db      0x148 libopencm3/lib/libopencm3_stm32f1.a(usb.o)
 .debug_macro   0x0000000000003323       0x58 libopencm3/lib/libopencm3_stm32f1.a(usb.o)
 .debug_macro   0x000000000000337b       0x18 libopencm3/lib/libopencm3_stm32f1.a(usb.o)
 .debug_macro   0x0000000000003393       0x5c libopencm3/lib/libopencm3_stm32f1.a(usb.o)
 .debug_macro   0x00000000000033ef       0x35 libopencm3/lib/libopencm3_stm32f1.a(usb.o)
 .debug_macro   0x0000000000003424       0x34 libopencm3/lib/libopencm3_stm32f1.a(usb.o)
 .debug_macro   0x0000000000003458      0x16d libopencm3/lib/libopencm3_stm32f1.a(usb.o)
 .debug_macro   0x00000000000035c5       0x57 libopencm3/lib/libopencm3_stm32f1.a(usb.o)
 .debug_macro   0x000000000000361c       0x58 libopencm3/lib/libopencm3_stm32f1.a(usb.o)
 .debug_macro   0x0000000000003674       0x1f libopencm3/lib/libopencm3_stm32f1.a(usb.o)
 .debug_macro   0x0000000000003693       0x43 libopencm3/lib/libopencm3_stm32f1.a(usb.o)
 .debug_macro   0x00000000000036d6       0x20 libopencm3/lib/libopencm3_stm32f1.a(usb.o)
 .debug_macro   0x00000000000036f6      0x18e libopencm3/lib/libopencm3_stm32f1.a(usb.o)
 .debug_macro   0x0000000000003884      0x35c libopencm3/lib/libopencm3_stm32f1.a(usb.o)
 .debug_macro   0x0000000000003be0       0x10 libopencm3/lib/libopencm3_stm32f1.a(usb.o)
 .debug_macro   0x0000000000003bf0       0x35 libopencm3/lib/libopencm3_stm32f1.a(usb.o)
 .debug_macro   0x0000000000003c25      0x19c libopencm3/lib/libopencm3_stm32f1.a(usb.o)
 .debug_macro   0x0000000000003dc1       0x10 libopencm3/lib/libopencm3_stm32f1.a(usb.o)
 .debug_macro   0x0000000000003dd1       0x1c libopencm3/lib/libopencm3_stm32f1.a(usb.o)
 .debug_macro   0x0000000000003ded      0x156 libopencm3/lib/libopencm3_stm32f1.a(usb_control.o)
 .debug_macro   0x0000000000003f43       0x16 libopencm3/lib/libopencm3_stm32f1.a(usb_control.o)
 .debug_macro   0x0000000000003f59      0x10e libopencm3/lib/libopencm3_stm32f1.a(usb_control.o)
 .debug_macro   0x0000000000004067       0x86 libopencm3/lib/libopencm3_stm32f1.a(usb_control.o)
 .debug_macro   0x00000000000040ed       0x22 libopencm3/lib/libopencm3_stm32f1.a(usb_control.o)
 .debug_macro   0x000000000000410f      0x148 libopencm3/lib/libopencm3_stm32f1.a(usb_standard.o)
 .debug_macro   0x0000000000004257      0x10d libopencm3/lib/libopencm3_stm32f1.a(st_usbfs_v1.o)
 .debug_macro   0x0000000000004364       0x3a libopencm3/lib/libopencm3_stm32f1.a(st_usbfs_v1.o)
 .debug_macro   0x000000000000439e      0x29e libopencm3/lib/libopencm3_stm32f1.a(st_usbfs_v1.o)
 .debug_macro   0x000000000000463c       0x28 libopencm3/lib/libopencm3_stm32f1.a(st_usbfs_v1.o)
 .debug_macro   0x0000000000004664      0x1a2 libopencm3/lib/libopencm3_stm32f1.a(st_usbfs_v1.o)
 .debug_macro   0x0000000000004806       0x10 libopencm3/lib/libopencm3_stm32f1.a(st_usbfs_v1.o)
 .debug_macro   0x0000000000004816       0x92 libopencm3/lib/libopencm3_stm32f1.a(systick.o)
 .debug_macro   0x00000000000048a8       0x69 libopencm3/lib/libopencm3_stm32f1.a(systick.o)
 .debug_macro   0x0000000000004911       0xb3 libopencm3/lib/libopencm3_stm32f1.a(nvic.o)
 .debug_macro   0x00000000000049c4       0x68 libopencm3/lib/libopencm3_stm32f1.a(nvic.o)
 .debug_macro   0x0000000000004a2c      0x1a2 libopencm3/lib/libopencm3_stm32f1.a(nvic.o)
 .debug_macro   0x0000000000004bce      0x39b libopencm3/lib/libopencm3_stm32f1.a(nvic.o)
 .debug_macro   0x0000000000004f69       0xc0 libopencm3/lib/libopencm3_stm32f1.a(flash_common_all.o)
 .debug_macro   0x0000000000005029      0x10d libopencm3/lib/libopencm3_stm32f1.a(st_usbfs_core.o)

Cross Reference Table

Symbol                                            File
__fini_array_end                                  /tmp/ccVCPY0r.o
__fini_array_start                                /tmp/ccVCPY0r.o
__init_array_end                                  /tmp/ccVCPY0r.o
__init_array_start                                /tmp/ccVCPY0r.o
__preinit_array_end                               /tmp/ccVCPY0r.o
__preinit_array_start                             /tmp/ccVCPY0r.o
_data                                             /tmp/ccVCPY0r.o
_data_loadaddr                                    /tmp/ccVCPY0r.o
_ebss                                             /tmp/ccVCPY0r.o
_edata                                            /tmp/ccVCPY0r.o
_st_draw_fast_h_line                              /tmp/cchDJn7s.o
_st_draw_fast_v_line                              /tmp/cchDJn7s.o
_st_draw_string_main                              /tmp/cchDJn7s.o
_st_fixed_delay                                   /tmp/cchDJn7s.o
_st_plot_line_high                                /tmp/cchDJn7s.o
_st_plot_line_low                                 /tmp/cchDJn7s.o
_st_render_glyph                                  /tmp/cchDJn7s.o
_stack                                            /tmp/ccVCPY0r.o
_usbd_control_in                                  libopencm3/lib/libopencm3_stm32f1.a(usb_control.o)
                                                  libopencm3/lib/libopencm3_stm32f1.a(usb.o)
_usbd_control_out                                 libopencm3/lib/libopencm3_stm32f1.a(usb_control.o)
                                                  libopencm3/lib/libopencm3_stm32f1.a(usb.o)
_usbd_control_setup                               libopencm3/lib/libopencm3_stm32f1.a(usb_control.o)
                                                  libopencm3/lib/libopencm3_stm32f1.a(usb.o)
_usbd_reset                                       libopencm3/lib/libopencm3_stm32f1.a(usb.o)
                                                  libopencm3/lib/libopencm3_stm32f1.a(st_usbfs_core.o)
_usbd_standard_request                            libopencm3/lib/libopencm3_stm32f1.a(usb_standard.o)
                                                  libopencm3/lib/libopencm3_stm32f1.a(usb_control.o)
_usbd_standard_request_device                     libopencm3/lib/libopencm3_stm32f1.a(usb_standard.o)
_usbd_standard_request_endpoint                   libopencm3/lib/libopencm3_stm32f1.a(usb_standard.o)
_usbd_standard_request_interface                  libopencm3/lib/libopencm3_stm32f1.a(usb_standard.o)
adc1_2_isr                                        /tmp/ccVCPY0r.o
adc3_isr                                          /tmp/ccVCPY0r.o
blocking_handler                                  /tmp/ccVCPY0r.o
bus_fault_handler                                 /tmp/ccVCPY0r.o
can2_rx0_isr                                      /tmp/ccVCPY0r.o
can2_rx1_isr                                      /tmp/ccVCPY0r.o
can2_sce_isr                                      /tmp/ccVCPY0r.o
can2_tx_isr                                       /tmp/ccVCPY0r.o
can_rx1_isr                                       /tmp/ccVCPY0r.o
can_sce_isr                                       /tmp/ccVCPY0r.o
cm3_assert_failed                                 libopencm3/lib/libopencm3_stm32f1.a(assert.o)
                                                  libopencm3/lib/libopencm3_stm32f1.a(rcc.o)
cm3_assert_failed_verbose                         libopencm3/lib/libopencm3_stm32f1.a(assert.o)
debug_monitor_handler                             /tmp/ccVCPY0r.o
delay                                             /tmp/cc5JdGzt.o
                                                  /tmp/ccoUD2Bt.o
dma1_channel1_isr                                 /tmp/ccVCPY0r.o
dma1_channel2_isr                                 /tmp/ccVCPY0r.o
dma1_channel3_isr                                 /tmp/ccVCPY0r.o
dma1_channel4_isr                                 /tmp/ccVCPY0r.o
dma1_channel5_isr                                 /tmp/ccVCPY0r.o
dma1_channel6_isr                                 /tmp/ccVCPY0r.o
dma1_channel7_isr                                 /tmp/ccVCPY0r.o
dma2_channel1_isr                                 /tmp/ccVCPY0r.o
dma2_channel2_isr                                 /tmp/ccVCPY0r.o
dma2_channel3_isr                                 /tmp/ccVCPY0r.o
dma2_channel4_5_isr                               /tmp/ccVCPY0r.o
dma2_channel5_isr                                 /tmp/ccVCPY0r.o
eth_isr                                           /tmp/ccVCPY0r.o
eth_wkup_isr                                      /tmp/ccVCPY0r.o
exti0_isr                                         /tmp/ccVCPY0r.o
exti15_10_isr                                     /tmp/ccVCPY0r.o
exti1_isr                                         /tmp/ccVCPY0r.o
exti2_isr                                         /tmp/ccVCPY0r.o
exti3_isr                                         /tmp/ccVCPY0r.o
exti4_isr                                         /tmp/ccVCPY0r.o
exti9_5_isr                                       /tmp/ccVCPY0r.o
flash_isr                                         /tmp/ccVCPY0r.o
flash_prefetch_disable                            libopencm3/lib/libopencm3_stm32f1.a(flash_common_all.o)
flash_prefetch_enable                             libopencm3/lib/libopencm3_stm32f1.a(flash_common_all.o)
flash_set_ws                                      libopencm3/lib/libopencm3_stm32f1.a(flash_common_all.o)
                                                  libopencm3/lib/libopencm3_stm32f1.a(rcc.o)
flash_unlock_option_bytes                         libopencm3/lib/libopencm3_stm32f1.a(flash_common_all.o)
fsmc_isr                                          /tmp/ccVCPY0r.o
gpio_clear                                        libopencm3/lib/libopencm3_stm32f1.a(gpio_common_all.o)
                                                  /tmp/ccoUD2Bt.o
gpio_get                                          libopencm3/lib/libopencm3_stm32f1.a(gpio_common_all.o)
gpio_port_config_lock                             libopencm3/lib/libopencm3_stm32f1.a(gpio_common_all.o)
gpio_port_read                                    libopencm3/lib/libopencm3_stm32f1.a(gpio_common_all.o)
gpio_port_write                                   libopencm3/lib/libopencm3_stm32f1.a(gpio_common_all.o)
gpio_primary_remap                                libopencm3/lib/libopencm3_stm32f1.a(gpio.o)
gpio_secondary_remap                              libopencm3/lib/libopencm3_stm32f1.a(gpio.o)
gpio_set                                          libopencm3/lib/libopencm3_stm32f1.a(gpio_common_all.o)
                                                  /tmp/cchDJn7s.o
gpio_set_eventout                                 libopencm3/lib/libopencm3_stm32f1.a(gpio.o)
gpio_set_mode                                     libopencm3/lib/libopencm3_stm32f1.a(gpio.o)
                                                  /tmp/cchDJn7s.o
                                                  /tmp/ccoUD2Bt.o
gpio_toggle                                       libopencm3/lib/libopencm3_stm32f1.a(gpio_common_all.o)
hard_fault_handler                                /tmp/ccVCPY0r.o
i2c1_er_isr                                       /tmp/ccVCPY0r.o
i2c1_ev_isr                                       /tmp/ccVCPY0r.o
i2c2_er_isr                                       /tmp/ccVCPY0r.o
i2c2_ev_isr                                       /tmp/ccVCPY0r.o
main                                              /tmp/ccoUD2Bt.o
                                                  /tmp/ccVCPY0r.o
mem_manage_handler                                /tmp/ccVCPY0r.o
memcpy                                            /home/rik/Toolchains/gcc-arm-none-eabi-10-2020-q4-major/bin/../lib/gcc/arm-none-eabi/10.2.1/../../../../arm-none-eabi/lib/thumb/v7-m/nofp/libg_nano.a(lib_a-memcpy-stub.o)
                                                  libopencm3/lib/libopencm3_stm32f1.a(usb_standard.o)
millis                                            /tmp/cc5JdGzt.o
nmi_handler                                       /tmp/ccVCPY0r.o
null_handler                                      /tmp/ccVCPY0r.o
nvic_clear_pending_irq                            libopencm3/lib/libopencm3_stm32f1.a(nvic.o)
nvic_disable_irq                                  libopencm3/lib/libopencm3_stm32f1.a(nvic.o)
nvic_enable_irq                                   libopencm3/lib/libopencm3_stm32f1.a(nvic.o)
                                                  /tmp/ccoUD2Bt.o
nvic_generate_software_interrupt                  libopencm3/lib/libopencm3_stm32f1.a(nvic.o)
nvic_get_active_irq                               libopencm3/lib/libopencm3_stm32f1.a(nvic.o)
nvic_get_irq_enabled                              libopencm3/lib/libopencm3_stm32f1.a(nvic.o)
nvic_get_pending_irq                              libopencm3/lib/libopencm3_stm32f1.a(nvic.o)
nvic_set_pending_irq                              libopencm3/lib/libopencm3_stm32f1.a(nvic.o)
nvic_set_priority                                 libopencm3/lib/libopencm3_stm32f1.a(nvic.o)
                                                  /tmp/ccoUD2Bt.o
otg_fs_isr                                        /tmp/ccVCPY0r.o
pend_sv_handler                                   /tmp/ccVCPY0r.o
pvd_isr                                           /tmp/ccVCPY0r.o
rcc_ahb_frequency                                 libopencm3/lib/libopencm3_stm32f1.a(rcc.o)
                                                  /tmp/cc5JdGzt.o
rcc_apb1_frequency                                libopencm3/lib/libopencm3_stm32f1.a(rcc.o)
rcc_apb2_frequency                                libopencm3/lib/libopencm3_stm32f1.a(rcc.o)
rcc_backupdomain_reset                            libopencm3/lib/libopencm3_stm32f1.a(rcc.o)
rcc_clock_setup_in_hse_12mhz_out_72mhz            libopencm3/lib/libopencm3_stm32f1.a(rcc.o)
rcc_clock_setup_in_hse_16mhz_out_72mhz            libopencm3/lib/libopencm3_stm32f1.a(rcc.o)
rcc_clock_setup_in_hse_25mhz_out_72mhz            libopencm3/lib/libopencm3_stm32f1.a(rcc.o)
rcc_clock_setup_in_hse_8mhz_out_24mhz             libopencm3/lib/libopencm3_stm32f1.a(rcc.o)
rcc_clock_setup_in_hse_8mhz_out_72mhz             libopencm3/lib/libopencm3_stm32f1.a(rcc.o)
                                                  /tmp/ccoUD2Bt.o
rcc_clock_setup_in_hsi_out_24mhz                  libopencm3/lib/libopencm3_stm32f1.a(rcc.o)
rcc_clock_setup_in_hsi_out_48mhz                  libopencm3/lib/libopencm3_stm32f1.a(rcc.o)
rcc_clock_setup_in_hsi_out_64mhz                  libopencm3/lib/libopencm3_stm32f1.a(rcc.o)
rcc_css_disable                                   libopencm3/lib/libopencm3_stm32f1.a(rcc.o)
rcc_css_enable                                    libopencm3/lib/libopencm3_stm32f1.a(rcc.o)
rcc_css_int_clear                                 libopencm3/lib/libopencm3_stm32f1.a(rcc.o)
rcc_css_int_flag                                  libopencm3/lib/libopencm3_stm32f1.a(rcc.o)
rcc_enable_rtc_clock                              libopencm3/lib/libopencm3_stm32f1.a(rcc.o)
rcc_is_osc_ready                                  libopencm3/lib/libopencm3_stm32f1.a(rcc.o)
rcc_isr                                           /tmp/ccVCPY0r.o
rcc_osc_bypass_disable                            libopencm3/lib/libopencm3_stm32f1.a(rcc_common_all.o)
rcc_osc_bypass_enable                             libopencm3/lib/libopencm3_stm32f1.a(rcc_common_all.o)
rcc_osc_off                                       libopencm3/lib/libopencm3_stm32f1.a(rcc.o)
rcc_osc_on                                        libopencm3/lib/libopencm3_stm32f1.a(rcc.o)
rcc_osc_ready_int_clear                           libopencm3/lib/libopencm3_stm32f1.a(rcc.o)
rcc_osc_ready_int_disable                         libopencm3/lib/libopencm3_stm32f1.a(rcc.o)
rcc_osc_ready_int_enable                          libopencm3/lib/libopencm3_stm32f1.a(rcc.o)
rcc_osc_ready_int_flag                            libopencm3/lib/libopencm3_stm32f1.a(rcc.o)
rcc_periph_clock_disable                          libopencm3/lib/libopencm3_stm32f1.a(rcc_common_all.o)
rcc_periph_clock_enable                           libopencm3/lib/libopencm3_stm32f1.a(rcc_common_all.o)
                                                  libopencm3/lib/libopencm3_stm32f1.a(st_usbfs_v1.o)
                                                  /tmp/cchDJn7s.o
                                                  /tmp/ccoUD2Bt.o
rcc_periph_reset_hold                             libopencm3/lib/libopencm3_stm32f1.a(rcc_common_all.o)
rcc_periph_reset_pulse                            libopencm3/lib/libopencm3_stm32f1.a(rcc_common_all.o)
                                                  libopencm3/lib/libopencm3_stm32f1.a(spi_common_all.o)
                                                  /tmp/ccoUD2Bt.o
rcc_periph_reset_release                          libopencm3/lib/libopencm3_stm32f1.a(rcc_common_all.o)
rcc_peripheral_clear_reset                        libopencm3/lib/libopencm3_stm32f1.a(rcc_common_all.o)
rcc_peripheral_disable_clock                      libopencm3/lib/libopencm3_stm32f1.a(rcc_common_all.o)
rcc_peripheral_enable_clock                       libopencm3/lib/libopencm3_stm32f1.a(rcc_common_all.o)
rcc_peripheral_reset                              libopencm3/lib/libopencm3_stm32f1.a(rcc_common_all.o)
rcc_rtc_clock_enabled_flag                        libopencm3/lib/libopencm3_stm32f1.a(rcc.o)
rcc_set_adcpre                                    libopencm3/lib/libopencm3_stm32f1.a(rcc.o)
rcc_set_hpre                                      libopencm3/lib/libopencm3_stm32f1.a(rcc.o)
rcc_set_mco                                       libopencm3/lib/libopencm3_stm32f1.a(rcc_common_all.o)
rcc_set_pll2_multiplication_factor                libopencm3/lib/libopencm3_stm32f1.a(rcc.o)
rcc_set_pll3_multiplication_factor                libopencm3/lib/libopencm3_stm32f1.a(rcc.o)
rcc_set_pll_multiplication_factor                 libopencm3/lib/libopencm3_stm32f1.a(rcc.o)
rcc_set_pll_source                                libopencm3/lib/libopencm3_stm32f1.a(rcc.o)
rcc_set_pllxtpre                                  libopencm3/lib/libopencm3_stm32f1.a(rcc.o)
rcc_set_ppre1                                     libopencm3/lib/libopencm3_stm32f1.a(rcc.o)
rcc_set_ppre2                                     libopencm3/lib/libopencm3_stm32f1.a(rcc.o)
rcc_set_prediv1                                   libopencm3/lib/libopencm3_stm32f1.a(rcc.o)
rcc_set_prediv1_source                            libopencm3/lib/libopencm3_stm32f1.a(rcc.o)
rcc_set_prediv2                                   libopencm3/lib/libopencm3_stm32f1.a(rcc.o)
rcc_set_rtc_clock_source                          libopencm3/lib/libopencm3_stm32f1.a(rcc.o)
rcc_set_sysclk_source                             libopencm3/lib/libopencm3_stm32f1.a(rcc.o)
rcc_set_usbpre                                    libopencm3/lib/libopencm3_stm32f1.a(rcc.o)
rcc_system_clock_source                           libopencm3/lib/libopencm3_stm32f1.a(rcc.o)
rcc_wait_for_osc_ready                            libopencm3/lib/libopencm3_stm32f1.a(rcc.o)
reset_handler                                     /tmp/ccVCPY0r.o
rtc_alarm_isr                                     /tmp/ccVCPY0r.o
rtc_isr                                           /tmp/ccVCPY0r.o
sdio_isr                                          /tmp/ccVCPY0r.o
spi1_isr                                          /tmp/ccVCPY0r.o
spi2_isr                                          /tmp/ccVCPY0r.o
spi3_isr                                          /tmp/ccVCPY0r.o
spi_clean_disable                                 libopencm3/lib/libopencm3_stm32f1.a(spi_common_all.o)
spi_disable                                       libopencm3/lib/libopencm3_stm32f1.a(spi_common_all.o)
spi_disable_crc                                   libopencm3/lib/libopencm3_stm32f1.a(spi_common_all.o)
spi_disable_error_interrupt                       libopencm3/lib/libopencm3_stm32f1.a(spi_common_all.o)
spi_disable_rx_buffer_not_empty_interrupt         libopencm3/lib/libopencm3_stm32f1.a(spi_common_all.o)
spi_disable_rx_dma                                libopencm3/lib/libopencm3_stm32f1.a(spi_common_all.o)
spi_disable_software_slave_management             libopencm3/lib/libopencm3_stm32f1.a(spi_common_all.o)
spi_disable_ss_output                             libopencm3/lib/libopencm3_stm32f1.a(spi_common_all.o)
spi_disable_tx_buffer_empty_interrupt             libopencm3/lib/libopencm3_stm32f1.a(spi_common_all.o)
spi_disable_tx_dma                                libopencm3/lib/libopencm3_stm32f1.a(spi_common_all.o)
spi_enable                                        libopencm3/lib/libopencm3_stm32f1.a(spi_common_all.o)
                                                  /tmp/cchDJn7s.o
spi_enable_crc                                    libopencm3/lib/libopencm3_stm32f1.a(spi_common_all.o)
spi_enable_error_interrupt                        libopencm3/lib/libopencm3_stm32f1.a(spi_common_all.o)
spi_enable_rx_buffer_not_empty_interrupt          libopencm3/lib/libopencm3_stm32f1.a(spi_common_all.o)
spi_enable_rx_dma                                 libopencm3/lib/libopencm3_stm32f1.a(spi_common_all.o)
spi_enable_software_slave_management              libopencm3/lib/libopencm3_stm32f1.a(spi_common_all.o)
                                                  /tmp/cchDJn7s.o
spi_enable_ss_output                              libopencm3/lib/libopencm3_stm32f1.a(spi_common_all.o)
spi_enable_tx_buffer_empty_interrupt              libopencm3/lib/libopencm3_stm32f1.a(spi_common_all.o)
spi_enable_tx_dma                                 libopencm3/lib/libopencm3_stm32f1.a(spi_common_all.o)
spi_init_master                                   libopencm3/lib/libopencm3_stm32f1.a(spi_common_v1.o)
                                                  /tmp/cchDJn7s.o
spi_read                                          libopencm3/lib/libopencm3_stm32f1.a(spi_common_all.o)
spi_reset                                         libopencm3/lib/libopencm3_stm32f1.a(spi_common_all.o)
                                                  /tmp/cchDJn7s.o
spi_send                                          libopencm3/lib/libopencm3_stm32f1.a(spi_common_all.o)
spi_send_lsb_first                                libopencm3/lib/libopencm3_stm32f1.a(spi_common_all.o)
spi_send_msb_first                                libopencm3/lib/libopencm3_stm32f1.a(spi_common_all.o)
spi_set_baudrate_prescaler                        libopencm3/lib/libopencm3_stm32f1.a(spi_common_all.o)